<html>
<body>
<pre>
<h1>µVision Build Log</h1>
<h2>Project:</h2>
E:\Desktop\STM32F1_RNR_TestUSART_20130820\ProjectNR\Program_STM32.uvproj
Project File Date:  08/20/2013

<h2>Output:</h2>
Rebuild target 'STM32F103C8T'
assembling startup_stm32f10x_md.s...
compiling system_stm32f10x.c...
compiling stm32f10x_rcc.c...
compiling stm32f10x_gpio.c...
compiling stm32f10x_usart.c...
compiling stm32f1_system.c...
compiling stm32f1_delay.c...
compiling stm32f1_usart.c...
compiling experiment_stm32f1.c...
compiling module_rs232.c...
linking...
Program Size: Code=4536 RO-data=268 RW-data=40 ZI-data=1024  
".\Obj\STM32F103C8T.axf" - 0 Errors, 0 Warning(s).
Load "E:\\Desktop\\STM32F1_RNR_TestUSART_20130820\\ProjectNR\\Obj\\STM32F103C8T.axf" 
Set JLink Project File to "E:\Desktop\STM32F1_RNR_TestUSART_20130820\ProjectNR\JLinkSettings.ini"
* JLink Info: Device "STM32F103C8" selected (64 KB flash, 20 KB RAM).
 
JLink info:
------------
DLL: V4.68a, compiled Apr 12 2013 13:26:50
Firmware: J-Link ARM-OB STM32 compiled Aug 22 2012 19:52:04
Hardware: V7.00
S/N : 20090928 
Feature(s) : RDI,FlashDL,FlashBP,JFlash,GDBFull 
 
* JLink Info: Found SWD-DP with ID 0x1BA01477
* JLink Info: Found SWD-DP with ID 0x1BA01477
* JLink Info: TPIU fitted.
* JLink Info: FPUnit: 6 code (BP) slots and 2 literal slots
* JLink Info: Found Cortex-M3 r1p1, Little endian.
ROMTableAddr = 0xE00FF003
 
Target info:
------------
Device: STM32F103C8
VTarget = 3.300V
State of Pins: 
TCK: 0, TDI: 0, TDO: 1, TMS: 0, TRES: 1, TRST: 1
Hardware-Breakpoints: 6
Software-Breakpoints: 8192
Watchpoints:          4
JTAG speed: 4000 kHz
 
Erase Done.
Programming Done.
Verify OK.
Application running ...
Rebuild target 'STM32F103C8T'
assembling startup_stm32f10x_md.s...
compiling system_stm32f10x.c...
compiling stm32f10x_rcc.c...
compiling stm32f10x_gpio.c...
compiling stm32f10x_usart.c...
compiling stm32f1_system.c...
compiling stm32f1_delay.c...
compiling stm32f1_usart.c...
compiling experiment_stm32f1.c...
compiling module_rs232.c...
linking...
Program Size: Code=4536 RO-data=268 RW-data=40 ZI-data=1024  
".\Obj\STM32F103C8T.axf" - 0 Errors, 0 Warning(s).
Load "E:\\Desktop\\STM32F1_RNR_TestUSART_20130820\\ProjectNR\\Obj\\STM32F103C8T.axf" 
Set JLink Project File to "E:\Desktop\STM32F1_RNR_TestUSART_20130820\ProjectNR\JLinkSettings.ini"
* JLink Info: Device "STM32F103C8" selected (64 KB flash, 20 KB RAM).
 
JLink info:
------------
DLL: V4.68a, compiled Apr 12 2013 13:26:50
Firmware: J-Link ARM-OB STM32 compiled Aug 22 2012 19:52:04
Hardware: V7.00
S/N : 20090928 
Feature(s) : RDI,FlashDL,FlashBP,JFlash,GDBFull 
 
* JLink Info: Found SWD-DP with ID 0x1BA01477
* JLink Info: Found SWD-DP with ID 0x1BA01477
* JLink Info: TPIU fitted.
* JLink Info: FPUnit: 6 code (BP) slots and 2 literal slots
* JLink Info: Found Cortex-M3 r1p1, Little endian.
ROMTableAddr = 0xE00FF003
 
Target info:
------------
Device: STM32F103C8
VTarget = 3.300V
State of Pins: 
TCK: 0, TDI: 0, TDO: 1, TMS: 0, TRES: 1, TRST: 1
Hardware-Breakpoints: 6
Software-Breakpoints: 8192
Watchpoints:          4
JTAG speed: 4000 kHz
 
Erase Done.
Programming Done.
Verify OK.
Application running ...
Load "E:\\Desktop\\STM32F1_RNR_TestUSART_20130820\\ProjectNR\\Obj\\STM32F103C8T.axf" 
Set JLink Project File to "E:\Desktop\STM32F1_RNR_TestUSART_20130820\ProjectNR\JLinkSettings.ini"
* JLink Info: Device "STM32F103C8" selected (64 KB flash, 20 KB RAM).
 
JLink info:
------------
DLL: V4.68a, compiled Apr 12 2013 13:26:50
Firmware: J-Link ARM-OB STM32 compiled Aug 22 2012 19:52:04
Hardware: V7.00
S/N : 20090928 
Feature(s) : RDI,FlashDL,FlashBP,JFlash,GDBFull 
 
* JLink Info: Found SWD-DP with ID 0x1BA01477
* JLink Info: Found SWD-DP with ID 0x1BA01477
* JLink Info: TPIU fitted.
* JLink Info: FPUnit: 6 code (BP) slots and 2 literal slots
* JLink Info: Found Cortex-M3 r1p1, Little endian.
ROMTableAddr = 0xE00FF003
 
Target info:
------------
Device: STM32F103C8
VTarget = 3.300V
State of Pins: 
TCK: 0, TDI: 0, TDO: 1, TMS: 0, TRES: 1, TRST: 1
Hardware-Breakpoints: 6
Software-Breakpoints: 8192
Watchpoints:          4
JTAG speed: 4000 kHz
 
Erase Done.
Programming Done.
Verify OK.
Application running ...
Load "E:\\Desktop\\STM32F1_RNR_TestUSART_20130820\\ProjectNR\\Obj\\STM32F103C8T.axf" 
Set JLink Project File to "E:\Desktop\STM32F1_RNR_TestUSART_20130820\ProjectNR\JLinkSettings.ini"
* JLink Info: Device "STM32F103C8" selected (64 KB flash, 20 KB RAM).
 
JLink info:
------------
DLL: V4.68a, compiled Apr 12 2013 13:26:50
Firmware: J-Link ARM-OB STM32 compiled Aug 22 2012 19:52:04
Hardware: V7.00
S/N : 20090928 
Feature(s) : RDI,FlashDL,FlashBP,JFlash,GDBFull 
 
* JLink Info: Found SWD-DP with ID 0x1BA01477
* JLink Info: Found SWD-DP with ID 0x1BA01477
* JLink Info: TPIU fitted.
* JLink Info: FPUnit: 6 code (BP) slots and 2 literal slots
* JLink Info: Found Cortex-M3 r1p1, Little endian.
ROMTableAddr = 0xE00FF003
 
Target info:
------------
Device: STM32F103C8
VTarget = 3.300V
State of Pins: 
TCK: 0, TDI: 0, TDO: 1, TMS: 0, TRES: 1, TRST: 1
Hardware-Breakpoints: 6
Software-Breakpoints: 8192
Watchpoints:          4
JTAG speed: 4000 kHz
 
Erase Done.
Programming Done.
Verify OK.
Application running ...
Load "E:\\Desktop\\STM32F1_RNR_TestUSART_20130820\\ProjectNR\\Obj\\STM32F103C8T.axf" 
Set JLink Project File to "E:\Desktop\STM32F1_RNR_TestUSART_20130820\ProjectNR\JLinkSettings.ini"
* JLink Info: Device "STM32F103C8" selected (64 KB flash, 20 KB RAM).
 
JLink info:
------------
DLL: V4.68a, compiled Apr 12 2013 13:26:50
Firmware: J-Link ARM-OB STM32 compiled Aug 22 2012 19:52:04
Hardware: V7.00
S/N : 20090928 
Feature(s) : RDI,FlashDL,FlashBP,JFlash,GDBFull 
 
* JLink Info: Found SWD-DP with ID 0x1BA01477
* JLink Info: Found SWD-DP with ID 0x1BA01477
* JLink Info: TPIU fitted.
* JLink Info: FPUnit: 6 code (BP) slots and 2 literal slots
* JLink Info: Found Cortex-M3 r1p1, Little endian.
ROMTableAddr = 0xE00FF003
 
Target info:
------------
Device: STM32F103C8
VTarget = 3.300V
State of Pins: 
TCK: 0, TDI: 0, TDO: 1, TMS: 0, TRES: 1, TRST: 1
Hardware-Breakpoints: 6
Software-Breakpoints: 8192
Watchpoints:          4
JTAG speed: 4000 kHz
 
Erase Done.
Programming Done.
Verify OK.
Application running ...
Rebuild target 'STM32F103C8T'
assembling startup_stm32f10x_md.s...
compiling system_stm32f10x.c...
compiling stm32f10x_rcc.c...
compiling stm32f10x_gpio.c...
compiling stm32f10x_usart.c...
compiling stm32f1_system.c...
compiling stm32f1_delay.c...
compiling stm32f1_usart.c...
compiling experiment_stm32f1.c...
..\Program\experiment_stm32f1.c(29): error:  #167: argument of type "u8 *" is incompatible with parameter of type "uint8_t"
..\Program\experiment_stm32f1.c(39): error:  #167: argument of type "u8 *" is incompatible with parameter of type "uint8_t"
..\Program\experiment_stm32f1.c(40): error:  #167: argument of type "u8 *" is incompatible with parameter of type "uint8_t"
..\Program\experiment_stm32f1.c(41): error:  #167: argument of type "u8 *" is incompatible with parameter of type "uint8_t"
compiling USART_RS232.c...
".\Obj\STM32F103C8T.axf" - 4 Errors, 0 Warning(s).
Target not created
Rebuild target 'STM32F103C8T'
assembling startup_stm32f10x_md.s...
compiling system_stm32f10x.c...
compiling stm32f10x_rcc.c...
compiling stm32f10x_gpio.c...
compiling stm32f10x_usart.c...
compiling stm32f1_system.c...
compiling stm32f1_delay.c...
compiling stm32f1_usart.c...
compiling experiment_stm32f1.c...
compiling USART_RS232.c...
linking...
Program Size: Code=4916 RO-data=268 RW-data=68 ZI-data=1028  
".\Obj\STM32F103C8T.axf" - 0 Errors, 0 Warning(s).
Rebuild target 'STM32F103C8T'
assembling startup_stm32f10x_md.s...
compiling system_stm32f10x.c...
compiling stm32f10x_rcc.c...
compiling stm32f10x_gpio.c...
compiling stm32f10x_usart.c...
compiling stm32f1_system.c...
compiling stm32f1_delay.c...
compiling stm32f1_usart.c...
compiling experiment_stm32f1.c...
compiling USART_RS232.c...
linking...
Program Size: Code=4916 RO-data=268 RW-data=68 ZI-data=1028  
".\Obj\STM32F103C8T.axf" - 0 Errors, 0 Warning(s).
Rebuild target 'STM32F103C8T'
assembling startup_stm32f10x_md.s...
compiling system_stm32f10x.c...
compiling stm32f10x_rcc.c...
compiling stm32f10x_gpio.c...
compiling stm32f10x_usart.c...
compiling stm32f1_system.c...
compiling stm32f1_delay.c...
compiling stm32f1_usart.c...
compiling experiment_stm32f1.c...
compiling USART_RS232.c...
linking...
Program Size: Code=4916 RO-data=268 RW-data=68 ZI-data=1028  
".\Obj\STM32F103C8T.axf" - 0 Errors, 0 Warning(s).
Rebuild target 'STM32F103C8T'
assembling startup_stm32f10x_md.s...
compiling system_stm32f10x.c...
compiling stm32f10x_rcc.c...
compiling stm32f10x_gpio.c...
compiling stm32f10x_usart.c...
compiling stm32f1_system.c...
compiling stm32f1_delay.c...
compiling stm32f1_usart.c...
compiling experiment_stm32f1.c...
compiling USART_RS232.c...
linking...
Program Size: Code=4916 RO-data=268 RW-data=68 ZI-data=1028  
".\Obj\STM32F103C8T.axf" - 0 Errors, 0 Warning(s).
Load "E:\\Desktop\\STM32F1_RNR_TestUSART_20130820\\ProjectNR\\Obj\\STM32F103C8T.axf" 
Set JLink Project File to "E:\Desktop\STM32F1_RNR_TestUSART_20130820\ProjectNR\JLinkSettings.ini"
* JLink Info: Device "STM32F103C8" selected (64 KB flash, 20 KB RAM).
 
JLink info:
------------
DLL: V4.68a, compiled Apr 12 2013 13:26:50
Firmware: J-Link ARM-OB STM32 compiled Aug 22 2012 19:52:04
Hardware: V7.00
S/N : 20090928 
Feature(s) : RDI,FlashDL,FlashBP,JFlash,GDBFull 
 
* JLink Info: Found SWD-DP with ID 0x1BA01477
* JLink Info: Found SWD-DP with ID 0x1BA01477
* JLink Info: TPIU fitted.
* JLink Info: FPUnit: 6 code (BP) slots and 2 literal slots
* JLink Info: Found Cortex-M3 r1p1, Little endian.
ROMTableAddr = 0xE00FF003
 
Target info:
------------
Device: STM32F103C8
VTarget = 3.300V
State of Pins: 
TCK: 0, TDI: 0, TDO: 1, TMS: 0, TRES: 1, TRST: 1
Hardware-Breakpoints: 6
Software-Breakpoints: 8192
Watchpoints:          4
JTAG speed: 4000 kHz
 
Erase Done.
Programming Done.
Verify OK.
Application running ...
Load "E:\\Desktop\\STM32F1_RNR_TestUSART_20130820\\ProjectNR\\Obj\\STM32F103C8T.axf" 
Set JLink Project File to "E:\Desktop\STM32F1_RNR_TestUSART_20130820\ProjectNR\JLinkSettings.ini"
* JLink Info: Device "STM32F103C8" selected (64 KB flash, 20 KB RAM).
 
JLink info:
------------
DLL: V4.68a, compiled Apr 12 2013 13:26:50
Firmware: J-Link ARM-OB STM32 compiled Aug 22 2012 19:52:04
Hardware: V7.00
S/N : 20090928 
Feature(s) : RDI,FlashDL,FlashBP,JFlash,GDBFull 
 
* JLink Info: Found SWD-DP with ID 0x1BA01477
* JLink Info: Found SWD-DP with ID 0x1BA01477
* JLink Info: TPIU fitted.
* JLink Info: FPUnit: 6 code (BP) slots and 2 literal slots
* JLink Info: Found Cortex-M3 r1p1, Little endian.
ROMTableAddr = 0xE00FF003
 
Target info:
------------
Device: STM32F103C8
VTarget = 3.300V
State of Pins: 
TCK: 0, TDI: 0, TDO: 1, TMS: 0, TRES: 1, TRST: 1
Hardware-Breakpoints: 6
Software-Breakpoints: 8192
Watchpoints:          4
JTAG speed: 4000 kHz
 
Erase Done.
Programming Done.
Verify OK.
Application running ...
Rebuild target 'STM32F103C8T'
assembling startup_stm32f10x_md.s...
compiling system_stm32f10x.c...
compiling stm32f10x_rcc.c...
compiling stm32f10x_gpio.c...
compiling stm32f10x_usart.c...
compiling stm32f1_system.c...
compiling stm32f1_delay.c...
compiling stm32f1_usart.c...
compiling experiment_stm32f1.c...
compiling USART_RS232.c...
linking...
Program Size: Code=4916 RO-data=268 RW-data=68 ZI-data=1028  
".\Obj\STM32F103C8T.axf" - 0 Errors, 0 Warning(s).
Load "E:\\Desktop\\STM32F1_RNR_TestUSART_20130820\\ProjectNR\\Obj\\STM32F103C8T.axf" 
Set JLink Project File to "E:\Desktop\STM32F1_RNR_TestUSART_20130820\ProjectNR\JLinkSettings.ini"
* JLink Info: Device "STM32F103C8" selected (64 KB flash, 20 KB RAM).
 
JLink info:
------------
DLL: V4.68a, compiled Apr 12 2013 13:26:50
Firmware: J-Link ARM-OB STM32 compiled Aug 22 2012 19:52:04
Hardware: V7.00
S/N : 20090928 
Feature(s) : RDI,FlashDL,FlashBP,JFlash,GDBFull 
 
* JLink Info: Found SWD-DP with ID 0x1BA01477
* JLink Info: Found SWD-DP with ID 0x1BA01477
* JLink Info: TPIU fitted.
* JLink Info: FPUnit: 6 code (BP) slots and 2 literal slots
* JLink Info: Found Cortex-M3 r1p1, Little endian.
ROMTableAddr = 0xE00FF003
 
Target info:
------------
Device: STM32F103C8
VTarget = 3.300V
State of Pins: 
TCK: 0, TDI: 0, TDO: 1, TMS: 0, TRES: 1, TRST: 1
Hardware-Breakpoints: 6
Software-Breakpoints: 8192
Watchpoints:          4
JTAG speed: 4000 kHz
 
Erase Done.
Programming Done.
Verify OK.
Application running ...
Rebuild target 'STM32F103C8T'
assembling startup_stm32f10x_md.s...
compiling system_stm32f10x.c...
compiling stm32f10x_rcc.c...
compiling stm32f10x_gpio.c...
compiling stm32f10x_usart.c...
compiling stm32f1_system.c...
compiling stm32f1_delay.c...
compiling stm32f1_usart.c...
compiling experiment_stm32f1.c...
compiling USART_RS232.c...
linking...
Program Size: Code=4916 RO-data=268 RW-data=68 ZI-data=1028  
".\Obj\STM32F103C8T.axf" - 0 Errors, 0 Warning(s).
Load "E:\\Desktop\\STM32F1_RNR_TestUSART_20130820\\ProjectNR\\Obj\\STM32F103C8T.axf" 
Set JLink Project File to "E:\Desktop\STM32F1_RNR_TestUSART_20130820\ProjectNR\JLinkSettings.ini"
* JLink Info: Device "STM32F103C8" selected (64 KB flash, 20 KB RAM).
 
JLink info:
------------
DLL: V4.68a, compiled Apr 12 2013 13:26:50
Firmware: J-Link ARM-OB STM32 compiled Aug 22 2012 19:52:04
Hardware: V7.00
S/N : 20090928 
Feature(s) : RDI,FlashDL,FlashBP,JFlash,GDBFull 
 
* JLink Info: Found SWD-DP with ID 0x1BA01477
* JLink Info: Found SWD-DP with ID 0x1BA01477
* JLink Info: TPIU fitted.
* JLink Info: FPUnit: 6 code (BP) slots and 2 literal slots
* JLink Info: Found Cortex-M3 r1p1, Little endian.
ROMTableAddr = 0xE00FF003
 
Target info:
------------
Device: STM32F103C8
VTarget = 3.300V
State of Pins: 
TCK: 0, TDI: 0, TDO: 1, TMS: 0, TRES: 1, TRST: 1
Hardware-Breakpoints: 6
Software-Breakpoints: 8192
Watchpoints:          4
JTAG speed: 4000 kHz
 
Erase Done.
Programming Done.
Verify OK.
Application running ...
Rebuild target 'STM32F103C8T'
assembling startup_stm32f10x_md.s...
compiling system_stm32f10x.c...
compiling stm32f10x_rcc.c...
compiling stm32f10x_gpio.c...
compiling stm32f10x_usart.c...
compiling stm32f1_system.c...
compiling stm32f1_delay.c...
compiling stm32f1_usart.c...
compiling experiment_stm32f1.c...
compiling USART_RS232.c...
linking...
Program Size: Code=4916 RO-data=268 RW-data=68 ZI-data=1028  
".\Obj\STM32F103C8T.axf" - 0 Errors, 0 Warning(s).
Load "E:\\Desktop\\STM32F1_RNR_TestUSART_20130820\\ProjectNR\\Obj\\STM32F103C8T.axf" 
Set JLink Project File to "E:\Desktop\STM32F1_RNR_TestUSART_20130820\ProjectNR\JLinkSettings.ini"
* JLink Info: Device "STM32F103C8" selected (64 KB flash, 20 KB RAM).
 
JLink info:
------------
DLL: V4.68a, compiled Apr 12 2013 13:26:50
Firmware: J-Link ARM-OB STM32 compiled Aug 22 2012 19:52:04
Hardware: V7.00
S/N : 20090928 
Feature(s) : RDI,FlashDL,FlashBP,JFlash,GDBFull 
 
* JLink Info: Found SWD-DP with ID 0x1BA01477
* JLink Info: Found SWD-DP with ID 0x1BA01477
* JLink Info: TPIU fitted.
* JLink Info: FPUnit: 6 code (BP) slots and 2 literal slots
* JLink Info: Found Cortex-M3 r1p1, Little endian.
ROMTableAddr = 0xE00FF003
 
Target info:
------------
Device: STM32F103C8
VTarget = 3.300V
State of Pins: 
TCK: 0, TDI: 0, TDO: 1, TMS: 0, TRES: 1, TRST: 1
Hardware-Breakpoints: 6
Software-Breakpoints: 8192
Watchpoints:          4
JTAG speed: 4000 kHz
 
Erase Done.
Programming Done.
Verify OK.
Application running ...
Rebuild target 'STM32F103C8T'
assembling startup_stm32f10x_md.s...
compiling system_stm32f10x.c...
compiling stm32f10x_rcc.c...
compiling stm32f10x_gpio.c...
compiling stm32f10x_usart.c...
compiling stm32f1_system.c...
compiling stm32f1_delay.c...
compiling stm32f1_usart.c...
compiling experiment_stm32f1.c...
compiling USART_RS232.c...
linking...
Program Size: Code=4916 RO-data=268 RW-data=68 ZI-data=1028  
".\Obj\STM32F103C8T.axf" - 0 Errors, 0 Warning(s).
Load "E:\\Desktop\\STM32F1_RNR_TestUSART_20130820\\ProjectNR\\Obj\\STM32F103C8T.axf" 
Set JLink Project File to "E:\Desktop\STM32F1_RNR_TestUSART_20130820\ProjectNR\JLinkSettings.ini"
* JLink Info: Device "STM32F103C8" selected (64 KB flash, 20 KB RAM).
 
JLink info:
------------
DLL: V4.68a, compiled Apr 12 2013 13:26:50
Firmware: J-Link ARM-OB STM32 compiled Aug 22 2012 19:52:04
Hardware: V7.00
S/N : 20090928 
Feature(s) : RDI,FlashDL,FlashBP,JFlash,GDBFull 
 
* JLink Info: Found SWD-DP with ID 0x1BA01477
* JLink Info: Found SWD-DP with ID 0x1BA01477
* JLink Info: TPIU fitted.
* JLink Info: FPUnit: 6 code (BP) slots and 2 literal slots
* JLink Info: Found Cortex-M3 r1p1, Little endian.
ROMTableAddr = 0xE00FF003
 
Target info:
------------
Device: STM32F103C8
VTarget = 3.300V
State of Pins: 
TCK: 0, TDI: 0, TDO: 1, TMS: 0, TRES: 1, TRST: 1
Hardware-Breakpoints: 6
Software-Breakpoints: 8192
Watchpoints:          4
JTAG speed: 4000 kHz
 
Erase Done.
Programming Done.
Verify OK.
Application running ...
Rebuild target 'STM32F103C8T'
assembling startup_stm32f10x_md.s...
compiling system_stm32f10x.c...
compiling stm32f10x_rcc.c...
compiling stm32f10x_gpio.c...
compiling stm32f10x_usart.c...
compiling stm32f1_system.c...
compiling stm32f1_delay.c...
compiling stm32f1_usart.c...
compiling experiment_stm32f1.c...
compiling USART_RS232.c...
linking...
Program Size: Code=4916 RO-data=268 RW-data=68 ZI-data=1028  
".\Obj\STM32F103C8T.axf" - 0 Errors, 0 Warning(s).
Load "E:\\Desktop\\STM32F1_RNR_TestUSART_20130820\\ProjectNR\\Obj\\STM32F103C8T.axf" 
Set JLink Project File to "E:\Desktop\STM32F1_RNR_TestUSART_20130820\ProjectNR\JLinkSettings.ini"
* JLink Info: Device "STM32F103C8" selected (64 KB flash, 20 KB RAM).
 
JLink info:
------------
DLL: V4.68a, compiled Apr 12 2013 13:26:50
Firmware: J-Link ARM-OB STM32 compiled Aug 22 2012 19:52:04
Hardware: V7.00
S/N : 20090928 
Feature(s) : RDI,FlashDL,FlashBP,JFlash,GDBFull 
 
* JLink Info: Found SWD-DP with ID 0x1BA01477
* JLink Info: Found SWD-DP with ID 0x1BA01477
* JLink Info: TPIU fitted.
* JLink Info: FPUnit: 6 code (BP) slots and 2 literal slots
* JLink Info: Found Cortex-M3 r1p1, Little endian.
ROMTableAddr = 0xE00FF003
 
Target info:
------------
Device: STM32F103C8
VTarget = 3.300V
State of Pins: 
TCK: 0, TDI: 0, TDO: 1, TMS: 0, TRES: 1, TRST: 1
Hardware-Breakpoints: 6
Software-Breakpoints: 8192
Watchpoints:          4
JTAG speed: 4000 kHz
 
Erase Done.
Programming Done.
Verify OK.
Application running ...
Rebuild target 'STM32F103C8T'
assembling startup_stm32f10x_md.s...
compiling system_stm32f10x.c...
compiling stm32f10x_rcc.c...
compiling stm32f10x_gpio.c...
compiling stm32f10x_usart.c...
compiling stm32f1_system.c...
compiling stm32f1_delay.c...
compiling stm32f1_usart.c...
compiling experiment_stm32f1.c...
compiling USART_RS232.c...
linking...
Program Size: Code=4916 RO-data=268 RW-data=68 ZI-data=1028  
".\Obj\STM32F103C8T.axf" - 0 Errors, 0 Warning(s).
Load "E:\\Desktop\\STM32F1_RNR_TestUSART_20130820\\ProjectNR\\Obj\\STM32F103C8T.axf" 
Set JLink Project File to "E:\Desktop\STM32F1_RNR_TestUSART_20130820\ProjectNR\JLinkSettings.ini"
* JLink Info: Device "STM32F103C8" selected (64 KB flash, 20 KB RAM).
 
JLink info:
------------
DLL: V4.68a, compiled Apr 12 2013 13:26:50
Firmware: J-Link ARM-OB STM32 compiled Aug 22 2012 19:52:04
Hardware: V7.00
S/N : 20090928 
Feature(s) : RDI,FlashDL,FlashBP,JFlash,GDBFull 
 
* JLink Info: Found SWD-DP with ID 0x1BA01477
* JLink Info: Found SWD-DP with ID 0x1BA01477
* JLink Info: TPIU fitted.
* JLink Info: FPUnit: 6 code (BP) slots and 2 literal slots
* JLink Info: Found Cortex-M3 r1p1, Little endian.
ROMTableAddr = 0xE00FF003
 
Target info:
------------
Device: STM32F103C8
VTarget = 3.300V
State of Pins: 
TCK: 0, TDI: 0, TDO: 1, TMS: 0, TRES: 1, TRST: 1
Hardware-Breakpoints: 6
Software-Breakpoints: 8192
Watchpoints:          4
JTAG speed: 4000 kHz
 
Erase Done.
Programming Done.
Verify OK.
Application running ...
Rebuild target 'STM32F103C8T'
assembling startup_stm32f10x_md.s...
compiling system_stm32f10x.c...
compiling stm32f10x_rcc.c...
compiling stm32f10x_gpio.c...
compiling stm32f10x_usart.c...
compiling stm32f1_system.c...
compiling stm32f1_delay.c...
compiling stm32f1_usart.c...
compiling experiment_stm32f1.c...
compiling USART_RS232.c...
linking...
Program Size: Code=4964 RO-data=268 RW-data=68 ZI-data=1028  
".\Obj\STM32F103C8T.axf" - 0 Errors, 0 Warning(s).
Rebuild target 'STM32F103C8T'
assembling startup_stm32f10x_md.s...
compiling system_stm32f10x.c...
compiling stm32f10x_rcc.c...
compiling stm32f10x_gpio.c...
compiling stm32f10x_usart.c...
compiling stm32f1_system.c...
compiling stm32f1_delay.c...
compiling stm32f1_usart.c...
compiling experiment_stm32f1.c...
compiling USART_RS232.c...
linking...
Program Size: Code=4964 RO-data=268 RW-data=68 ZI-data=1028  
".\Obj\STM32F103C8T.axf" - 0 Errors, 0 Warning(s).
Rebuild target 'STM32F103C8T'
assembling startup_stm32f10x_md.s...
compiling system_stm32f10x.c...
compiling stm32f10x_rcc.c...
compiling stm32f10x_gpio.c...
compiling stm32f10x_usart.c...
compiling stm32f1_system.c...
compiling stm32f1_delay.c...
compiling stm32f1_usart.c...
compiling experiment_stm32f1.c...
..\Program\experiment_stm32f1.c(24): warning:  #177-D: variable "TrData" was declared but never referenced
..\Program\experiment_stm32f1.c(25): warning:  #177-D: variable "RrData" was declared but never referenced
compiling USART_RS232.c...
linking...
.\Obj\STM32F103C8T.axf: Error: L6218E: Undefined symbol Delay_100ms (referred from experiment_stm32f1.o).
".\Obj\STM32F103C8T.axf" - 1 Errors, 2 Warning(s).
Target not created
Rebuild target 'STM32F103C8T'
assembling startup_stm32f10x_md.s...
compiling system_stm32f10x.c...
compiling stm32f10x_rcc.c...
compiling stm32f10x_gpio.c...
compiling stm32f10x_usart.c...
compiling stm32f1_system.c...
compiling stm32f1_delay.c...
compiling stm32f1_usart.c...
compiling experiment_stm32f1.c...
..\Program\experiment_stm32f1.c(24): warning:  #177-D: variable "TrData" was declared but never referenced
..\Program\experiment_stm32f1.c(25): warning:  #177-D: variable "RrData" was declared but never referenced
compiling USART_RS232.c...
linking...
.\Obj\STM32F103C8T.axf: Error: L6218E: Undefined symbol Delay_100ms (referred from experiment_stm32f1.o).
".\Obj\STM32F103C8T.axf" - 1 Errors, 2 Warning(s).
Target not created
Rebuild target 'STM32F103C8T'
assembling startup_stm32f10x_md.s...
compiling system_stm32f10x.c...
compiling stm32f10x_rcc.c...
compiling stm32f10x_gpio.c...
compiling stm32f10x_usart.c...
compiling stm32f1_system.c...
compiling stm32f1_delay.c...
compiling stm32f1_usart.c...
compiling experiment_stm32f1.c...
..\Program\experiment_stm32f1.c(24): warning:  #177-D: variable "TrData" was declared but never referenced
..\Program\experiment_stm32f1.c(25): warning:  #177-D: variable "RrData" was declared but never referenced
compiling USART_RS232.c...
linking...
Program Size: Code=4504 RO-data=268 RW-data=68 ZI-data=1028  
".\Obj\STM32F103C8T.axf" - 0 Errors, 2 Warning(s).
Rebuild target 'STM32F103C8T'
assembling startup_stm32f10x_md.s...
compiling system_stm32f10x.c...
compiling stm32f10x_rcc.c...
compiling stm32f10x_gpio.c...
compiling stm32f10x_usart.c...
compiling stm32f1_system.c...
compiling stm32f1_delay.c...
compiling stm32f1_usart.c...
compiling experiment_stm32f1.c...
..\Program\experiment_stm32f1.c(24): warning:  #177-D: variable "TrData" was declared but never referenced
..\Program\experiment_stm32f1.c(25): warning:  #177-D: variable "RrData" was declared but never referenced
compiling USART_RS232.c...
linking...
Program Size: Code=4504 RO-data=268 RW-data=68 ZI-data=1028  
".\Obj\STM32F103C8T.axf" - 0 Errors, 2 Warning(s).
Load "E:\\Desktop\\STM32F1_RNR_TestUSART_20130820\\ProjectNR\\Obj\\STM32F103C8T.axf" 
Set JLink Project File to "E:\Desktop\STM32F1_RNR_TestUSART_20130820\ProjectNR\JLinkSettings.ini"
* JLink Info: Device "STM32F103C8" selected (64 KB flash, 20 KB RAM).
 
JLink info:
------------
DLL: V4.68a, compiled Apr 12 2013 13:26:50
Firmware: J-Link ARM-OB STM32 compiled Aug 22 2012 19:52:04
Hardware: V7.00
S/N : 20090928 
Feature(s) : RDI,FlashDL,FlashBP,JFlash,GDBFull 
 
* JLink Info: Found SWD-DP with ID 0x1BA01477
* JLink Info: Found SWD-DP with ID 0x1BA01477
* JLink Info: TPIU fitted.
* JLink Info: FPUnit: 6 code (BP) slots and 2 literal slots
* JLink Info: Found Cortex-M3 r1p1, Little endian.
ROMTableAddr = 0xE00FF003
 
Target info:
------------
Device: STM32F103C8
VTarget = 3.300V
State of Pins: 
TCK: 0, TDI: 0, TDO: 1, TMS: 0, TRES: 1, TRST: 1
Hardware-Breakpoints: 6
Software-Breakpoints: 8192
Watchpoints:          4
JTAG speed: 4000 kHz
 
Erase Done.
Programming Done.
Verify OK.
Application running ...
Load "E:\\Desktop\\STM32F1_RNR_TestUSART_20130820\\ProjectNR\\Obj\\STM32F103C8T.axf" 
Set JLink Project File to "E:\Desktop\STM32F1_RNR_TestUSART_20130820\ProjectNR\JLinkSettings.ini"
* JLink Info: Device "STM32F103C8" selected (64 KB flash, 20 KB RAM).
 
JLink info:
------------
DLL: V4.68a, compiled Apr 12 2013 13:26:50
Firmware: J-Link ARM-OB STM32 compiled Aug 22 2012 19:52:04
Hardware: V7.00
S/N : 20090928 
Feature(s) : RDI,FlashDL,FlashBP,JFlash,GDBFull 
 
* JLink Info: Found SWD-DP with ID 0x1BA01477
* JLink Info: Found SWD-DP with ID 0x1BA01477
* JLink Info: TPIU fitted.
* JLink Info: FPUnit: 6 code (BP) slots and 2 literal slots
* JLink Info: Found Cortex-M3 r1p1, Little endian.
ROMTableAddr = 0xE00FF003
 
Target info:
------------
Device: STM32F103C8
VTarget = 3.300V
State of Pins: 
TCK: 0, TDI: 0, TDO: 1, TMS: 0, TRES: 1, TRST: 1
Hardware-Breakpoints: 6
Software-Breakpoints: 8192
Watchpoints:          4
JTAG speed: 4000 kHz
 
Erase Done.
Programming Done.
Verify OK.
Application running ...
Load "E:\\Desktop\\STM32F1_RNR_TestUSART_20130820\\ProjectNR\\Obj\\STM32F103C8T.axf" 
Set JLink Project File to "E:\Desktop\STM32F1_RNR_TestUSART_20130820\ProjectNR\JLinkSettings.ini"
* JLink Info: Device "STM32F103C8" selected (64 KB flash, 20 KB RAM).
 
JLink info:
------------
DLL: V4.68a, compiled Apr 12 2013 13:26:50
Firmware: J-Link ARM-OB STM32 compiled Aug 22 2012 19:52:04
Hardware: V7.00
S/N : 20090928 
Feature(s) : RDI,FlashDL,FlashBP,JFlash,GDBFull 
 
* JLink Info: Found SWD-DP with ID 0x1BA01477
* JLink Info: Found SWD-DP with ID 0x1BA01477
* JLink Info: TPIU fitted.
* JLink Info: FPUnit: 6 code (BP) slots and 2 literal slots
* JLink Info: Found Cortex-M3 r1p1, Little endian.
ROMTableAddr = 0xE00FF003
 
Target info:
------------
Device: STM32F103C8
VTarget = 3.300V
State of Pins: 
TCK: 0, TDI: 0, TDO: 1, TMS: 0, TRES: 1, TRST: 1
Hardware-Breakpoints: 6
Software-Breakpoints: 8192
Watchpoints:          4
JTAG speed: 4000 kHz
 
Erase Done.
Programming Done.
Verify OK.
Application running ...
compiling experiment_stm32f1.c...
..\Program\experiment_stm32f1.c(50): error:  #165: too few arguments in function call
..\Program\experiment_stm32f1.c(35): warning:  #177-D: variable "TrData" was declared but never referenced
"..\Program\experiment_stm32f1.c" - 1 Errors, 1 Warning(s).
compiling experiment_stm32f1.c...
..\Program\experiment_stm32f1.c(39): warning:  #177-D: variable "TrData" was declared but never referenced
"..\Program\experiment_stm32f1.c" - 0 Errors, 1 Warning(s).
Rebuild target 'STM32F103C8T'
assembling startup_stm32f10x_md.s...
compiling system_stm32f10x.c...
compiling stm32f10x_rcc.c...
compiling stm32f10x_gpio.c...
compiling stm32f10x_usart.c...
compiling stm32f1_system.c...
compiling stm32f1_delay.c...
compiling stm32f1_usart.c...
compiling experiment_stm32f1.c...
..\Program\experiment_stm32f1.c(39): warning:  #177-D: variable "TrData" was declared but never referenced
compiling USART_RS232.c...
linking...
Program Size: Code=4524 RO-data=268 RW-data=84 ZI-data=1028  
".\Obj\STM32F103C8T.axf" - 0 Errors, 1 Warning(s).
Rebuild target 'STM32F103C8T'
assembling startup_stm32f10x_md.s...
compiling system_stm32f10x.c...
compiling stm32f10x_rcc.c...
compiling stm32f10x_gpio.c...
compiling stm32f10x_usart.c...
compiling stm32f1_system.c...
compiling stm32f1_delay.c...
compiling stm32f1_usart.c...
compiling experiment_stm32f1.c...
..\Program\experiment_stm32f1.c(39): warning:  #177-D: variable "TrData" was declared but never referenced
compiling USART_RS232.c...
linking...
Program Size: Code=4524 RO-data=268 RW-data=84 ZI-data=1028  
".\Obj\STM32F103C8T.axf" - 0 Errors, 1 Warning(s).
Rebuild target 'STM32F103C8T'
assembling startup_stm32f10x_md.s...
compiling system_stm32f10x.c...
compiling stm32f10x_rcc.c...
compiling stm32f10x_gpio.c...
compiling stm32f10x_usart.c...
compiling stm32f1_system.c...
compiling stm32f1_delay.c...
compiling stm32f1_usart.c...
compiling experiment_stm32f1.c...
..\Program\experiment_stm32f1.c(29): warning:  #177-D: variable "TrData" was declared but never referenced
compiling USART_RS232.c...
linking...
Program Size: Code=4524 RO-data=268 RW-data=84 ZI-data=1028  
".\Obj\STM32F103C8T.axf" - 0 Errors, 1 Warning(s).
Rebuild target 'STM32F103C8T'
assembling startup_stm32f10x_md.s...
compiling system_stm32f10x.c...
compiling stm32f10x_rcc.c...
compiling stm32f10x_gpio.c...
compiling stm32f10x_usart.c...
compiling stm32f1_system.c...
compiling stm32f1_delay.c...
compiling stm32f1_usart.c...
compiling experiment_stm32f1.c...
..\Program\experiment_stm32f1.c(29): warning:  #177-D: variable "TrData" was declared but never referenced
compiling USART_RS232.c...
linking...
Program Size: Code=4532 RO-data=268 RW-data=84 ZI-data=1028  
".\Obj\STM32F103C8T.axf" - 0 Errors, 1 Warning(s).
Rebuild target 'STM32F103C8T'
assembling startup_stm32f10x_md.s...
compiling system_stm32f10x.c...
compiling stm32f10x_rcc.c...
compiling stm32f10x_gpio.c...
compiling stm32f10x_usart.c...
compiling stm32f1_system.c...
compiling stm32f1_delay.c...
compiling stm32f1_usart.c...
compiling experiment_stm32f1.c...
..\Program\experiment_stm32f1.c(29): warning:  #177-D: variable "TrData" was declared but never referenced
compiling USART_RS232.c...
linking...
Program Size: Code=4532 RO-data=268 RW-data=84 ZI-data=1028  
".\Obj\STM32F103C8T.axf" - 0 Errors, 1 Warning(s).
Load "E:\\Desktop\\STM32F1_RNR_TestUSART_20130820\\ProjectNR\\Obj\\STM32F103C8T.axf" 
Set JLink Project File to "E:\Desktop\STM32F1_RNR_TestUSART_20130820\ProjectNR\JLinkSettings.ini"
* JLink Info: Device "STM32F103C8" selected (64 KB flash, 20 KB RAM).
 
JLink info:
------------
DLL: V4.68a, compiled Apr 12 2013 13:26:50
Firmware: J-Link ARM-OB STM32 compiled Aug 22 2012 19:52:04
Hardware: V7.00
S/N : 20090928 
Feature(s) : RDI,FlashDL,FlashBP,JFlash,GDBFull 
 
* JLink Info: Found SWD-DP with ID 0x1BA01477
* JLink Info: Found SWD-DP with ID 0x1BA01477
* JLink Info: TPIU fitted.
* JLink Info: FPUnit: 6 code (BP) slots and 2 literal slots
* JLink Info: Found Cortex-M3 r1p1, Little endian.
ROMTableAddr = 0xE00FF003
 
Target info:
------------
Device: STM32F103C8
VTarget = 3.300V
State of Pins: 
TCK: 0, TDI: 0, TDO: 1, TMS: 0, TRES: 1, TRST: 1
Hardware-Breakpoints: 6
Software-Breakpoints: 8192
Watchpoints:          4
JTAG speed: 4000 kHz
 
Erase Done.
Programming Done.
Verify OK.
Application running ...
Rebuild target 'STM32F103C8T'
assembling startup_stm32f10x_md.s...
compiling system_stm32f10x.c...
compiling stm32f10x_rcc.c...
compiling stm32f10x_gpio.c...
compiling stm32f10x_usart.c...
compiling stm32f1_system.c...
compiling stm32f1_delay.c...
compiling stm32f1_usart.c...
compiling experiment_stm32f1.c...
..\Program\experiment_stm32f1.c(29): warning:  #177-D: variable "TrData" was declared but never referenced
compiling USART_RS232.c...
linking...
Program Size: Code=4532 RO-data=268 RW-data=84 ZI-data=1028  
".\Obj\STM32F103C8T.axf" - 0 Errors, 1 Warning(s).
Load "E:\\Desktop\\STM32F1_RNR_TestUSART_20130820\\ProjectNR\\Obj\\STM32F103C8T.axf" 
Set JLink Project File to "E:\Desktop\STM32F1_RNR_TestUSART_20130820\ProjectNR\JLinkSettings.ini"
* JLink Info: Device "STM32F103C8" selected (64 KB flash, 20 KB RAM).
 
JLink info:
------------
DLL: V4.68a, compiled Apr 12 2013 13:26:50
Firmware: J-Link ARM-OB STM32 compiled Aug 22 2012 19:52:04
Hardware: V7.00
S/N : 20090928 
Feature(s) : RDI,FlashDL,FlashBP,JFlash,GDBFull 
 
* JLink Info: Found SWD-DP with ID 0x1BA01477
* JLink Info: Found SWD-DP with ID 0x1BA01477
* JLink Info: TPIU fitted.
* JLink Info: FPUnit: 6 code (BP) slots and 2 literal slots
* JLink Info: Found Cortex-M3 r1p1, Little endian.
ROMTableAddr = 0xE00FF003
 
Target info:
------------
Device: STM32F103C8
VTarget = 3.300V
State of Pins: 
TCK: 0, TDI: 0, TDO: 1, TMS: 0, TRES: 1, TRST: 1
Hardware-Breakpoints: 6
Software-Breakpoints: 8192
Watchpoints:          4
JTAG speed: 4000 kHz
 
Erase Done.
Programming Done.
Verify OK.
Application running ...
compiling USART_RS232.c...
..\Program\USART_RS232.c(203): warning:  #223-D: function "USART_ReceiveString" declared implicitly
"..\Program\USART_RS232.c" - 0 Errors, 1 Warning(s).
compiling USART_RS232.c...
..\Program\USART_RS232.c(197): warning:  #223-D: function "USART_ReceiveString" declared implicitly
"..\Program\USART_RS232.c" - 0 Errors, 1 Warning(s).
compiling USART_RS232.c...
"..\Program\USART_RS232.c" - 0 Errors, 0 Warning(s).
compiling USART_RS232.c...
"..\Program\USART_RS232.c" - 0 Errors, 0 Warning(s).
compiling USART_RS232.c...
..\Program\USART_RS232.h(40): error:  #130: expected a "{"
..\Program\USART_RS232.c(13): warning:  #12-D: parsing restarts here after previous syntax error
..\Program\USART_RS232.c(13): warning:  #174-D: expression has no effect
..\Program\USART_RS232.c(13): warning:  #174-D: expression has no effect
..\Program\USART_RS232.c(13): warning:  #174-D: expression has no effect
..\Program\USART_RS232.c(13): error:  #65: expected a ";"
..\Program\USART_RS232.c(134): error:  #247: function "USART_ReceiveStdString" has already been defined
"..\Program\USART_RS232.c" - 3 Errors, 4 Warning(s).
Rebuild target 'STM32F103C8T'
assembling startup_stm32f10x_md.s...
compiling system_stm32f10x.c...
compiling stm32f10x_rcc.c...
compiling stm32f10x_gpio.c...
compiling stm32f10x_usart.c...
compiling stm32f1_system.c...
compiling stm32f1_delay.c...
compiling stm32f1_usart.c...
compiling experiment_stm32f1.c...
..\Program\USART_RS232.h(40): error:  #130: expected a "{"
..\Program\experiment_stm32f1.c(28): warning:  #12-D: parsing restarts here after previous syntax error
..\Program\experiment_stm32f1.c(33): warning:  #223-D: function "GPIO_Config" declared implicitly
..\Program\experiment_stm32f1.c(44): warning:  #223-D: function "strcmp" declared implicitly
..\Program\experiment_stm32f1.c(44): error:  #20: identifier "str1" is undefined
..\Program\experiment_stm32f1.c(51): error:  #20: identifier "str2" is undefined
..\Program\experiment_stm32f1.c(29): warning:  #177-D: variable "TrData" was declared but never referenced
..\Program\experiment_stm32f1.c(65): error:  #159: declaration is incompatible with previous "GPIO_Config" (declared at line 33)
compiling USART_RS232.c...
..\Program\USART_RS232.h(40): error:  #130: expected a "{"
..\Program\USART_RS232.c(13): warning:  #12-D: parsing restarts here after previous syntax error
..\Program\USART_RS232.c(13): warning:  #174-D: expression has no effect
..\Program\USART_RS232.c(13): warning:  #174-D: expression has no effect
..\Program\USART_RS232.c(13): warning:  #174-D: expression has no effect
..\Program\USART_RS232.c(13): error:  #65: expected a ";"
..\Program\USART_RS232.c(134): error:  #247: function "USART_ReceiveStdString" has already been defined
".\Obj\STM32F103C8T.axf" - 7 Errors, 8 Warning(s).
Target not created
Rebuild target 'STM32F103C8T'
assembling startup_stm32f10x_md.s...
compiling system_stm32f10x.c...
compiling stm32f10x_rcc.c...
compiling stm32f10x_gpio.c...
compiling stm32f10x_usart.c...
compiling stm32f1_system.c...
compiling stm32f1_delay.c...
compiling stm32f1_usart.c...
compiling experiment_stm32f1.c...
..\Program\USART_RS232.h(40): error:  #130: expected a "{"
..\Program\experiment_stm32f1.c(28): warning:  #12-D: parsing restarts here after previous syntax error
..\Program\experiment_stm32f1.c(33): warning:  #223-D: function "GPIO_Config" declared implicitly
..\Program\experiment_stm32f1.c(43): warning:  #223-D: function "strcmp" declared implicitly
..\Program\experiment_stm32f1.c(43): error:  #20: identifier "str1" is undefined
..\Program\experiment_stm32f1.c(50): error:  #20: identifier "str2" is undefined
..\Program\experiment_stm32f1.c(29): warning:  #177-D: variable "TrData" was declared but never referenced
..\Program\experiment_stm32f1.c(66): error:  #159: declaration is incompatible with previous "GPIO_Config" (declared at line 33)
compiling USART_RS232.c...
..\Program\USART_RS232.h(40): error:  #130: expected a "{"
..\Program\USART_RS232.c(13): warning:  #12-D: parsing restarts here after previous syntax error
..\Program\USART_RS232.c(13): warning:  #174-D: expression has no effect
..\Program\USART_RS232.c(13): warning:  #174-D: expression has no effect
..\Program\USART_RS232.c(13): warning:  #174-D: expression has no effect
..\Program\USART_RS232.c(13): error:  #65: expected a ";"
..\Program\USART_RS232.c(134): error:  #247: function "USART_ReceiveStdString" has already been defined
".\Obj\STM32F103C8T.axf" - 7 Errors, 8 Warning(s).
Target not created
Rebuild target 'STM32F103C8T'
assembling startup_stm32f10x_md.s...
compiling system_stm32f10x.c...
compiling stm32f10x_rcc.c...
compiling stm32f10x_gpio.c...
compiling stm32f10x_usart.c...
compiling stm32f1_system.c...
compiling stm32f1_delay.c...
compiling stm32f1_usart.c...
compiling experiment_stm32f1.c...
..\Program\experiment_stm32f1.c(29): warning:  #177-D: variable "TrData" was declared but never referenced
compiling USART_RS232.c...
linking...
Program Size: Code=4564 RO-data=268 RW-data=84 ZI-data=1028  
".\Obj\STM32F103C8T.axf" - 0 Errors, 1 Warning(s).
Rebuild target 'STM32F103C8T'
assembling startup_stm32f10x_md.s...
compiling system_stm32f10x.c...
compiling stm32f10x_rcc.c...
compiling stm32f10x_gpio.c...
compiling stm32f10x_usart.c...
compiling stm32f1_system.c...
compiling stm32f1_delay.c...
compiling stm32f1_usart.c...
".\Obj\STM32F103C8T.axf" - 0 Errors, 0 Warning(s).
Project build/rebuild aborted.
Rebuild target 'STM32F103C8T'
assembling startup_stm32f10x_md.s...
compiling system_stm32f10x.c...
compiling stm32f10x_rcc.c...
compiling stm32f10x_gpio.c...
compiling stm32f10x_usart.c...
compiling stm32f1_system.c...
compiling stm32f1_delay.c...
compiling stm32f1_usart.c...
compiling experiment_stm32f1.c...
..\Program\experiment_stm32f1.c(29): warning:  #177-D: variable "TrData" was declared but never referenced
compiling USART_RS232.c...
linking...
Program Size: Code=4564 RO-data=268 RW-data=84 ZI-data=1028  
".\Obj\STM32F103C8T.axf" - 0 Errors, 1 Warning(s).
Rebuild target 'STM32F103C8T'
assembling startup_stm32f10x_md.s...
compiling system_stm32f10x.c...
compiling stm32f10x_rcc.c...
compiling stm32f10x_gpio.c...
compiling stm32f10x_usart.c...
compiling stm32f1_system.c...
compiling stm32f1_delay.c...
compiling stm32f1_usart.c...
compiling experiment_stm32f1.c...
..\Program\experiment_stm32f1.c(29): warning:  #177-D: variable "TrData" was declared but never referenced
compiling USART_RS232.c...
linking...
Program Size: Code=4564 RO-data=268 RW-data=84 ZI-data=1028  
".\Obj\STM32F103C8T.axf" - 0 Errors, 1 Warning(s).
Rebuild target 'STM32F103C8T'
assembling startup_stm32f10x_md.s...
compiling system_stm32f10x.c...
compiling stm32f10x_rcc.c...
compiling stm32f10x_gpio.c...
compiling stm32f10x_usart.c...
compiling stm32f1_system.c...
compiling stm32f1_delay.c...
compiling stm32f1_usart.c...
compiling experiment_stm32f1.c...
..\Program\experiment_stm32f1.c(29): warning:  #177-D: variable "TrData" was declared but never referenced
compiling USART_RS232.c...
linking...
Program Size: Code=4564 RO-data=268 RW-data=84 ZI-data=1028  
".\Obj\STM32F103C8T.axf" - 0 Errors, 1 Warning(s).
Rebuild target 'STM32F103C8T'
assembling startup_stm32f10x_md.s...
compiling system_stm32f10x.c...
compiling stm32f10x_rcc.c...
compiling stm32f10x_gpio.c...
compiling stm32f10x_usart.c...
compiling stm32f1_system.c...
compiling stm32f1_delay.c...
compiling stm32f1_usart.c...
compiling experiment_stm32f1.c...
..\Program\experiment_stm32f1.c(29): warning:  #177-D: variable "TrData" was declared but never referenced
compiling USART_RS232.c...
linking...
Program Size: Code=4564 RO-data=268 RW-data=84 ZI-data=1028  
".\Obj\STM32F103C8T.axf" - 0 Errors, 1 Warning(s).
Rebuild target 'STM32F103C8T'
assembling startup_stm32f10x_md.s...
compiling system_stm32f10x.c...
compiling stm32f10x_rcc.c...
compiling stm32f10x_gpio.c...
compiling stm32f10x_usart.c...
compiling stm32f1_system.c...
compiling stm32f1_delay.c...
compiling stm32f1_usart.c...
compiling experiment_stm32f1.c...
..\Program\experiment_stm32f1.c(29): warning:  #177-D: variable "TrData" was declared but never referenced
compiling USART_RS232.c...
linking...
Program Size: Code=4564 RO-data=268 RW-data=84 ZI-data=1028  
".\Obj\STM32F103C8T.axf" - 0 Errors, 1 Warning(s).
Rebuild target 'STM32F103C8T'
assembling startup_stm32f10x_md.s...
compiling system_stm32f10x.c...
compiling stm32f10x_rcc.c...
compiling stm32f10x_gpio.c...
compiling stm32f10x_usart.c...
compiling stm32f1_system.c...
compiling stm32f1_delay.c...
compiling stm32f1_usart.c...
compiling experiment_stm32f1.c...
..\Program\experiment_stm32f1.c(29): warning:  #177-D: variable "TrData" was declared but never referenced
compiling USART_RS232.c...
linking...
Program Size: Code=4564 RO-data=268 RW-data=84 ZI-data=1028  
".\Obj\STM32F103C8T.axf" - 0 Errors, 1 Warning(s).
Rebuild target 'STM32F103C8T'
assembling startup_stm32f10x_md.s...
compiling system_stm32f10x.c...
compiling stm32f10x_rcc.c...
compiling stm32f10x_gpio.c...
compiling stm32f10x_usart.c...
compiling stm32f1_system.c...
compiling stm32f1_delay.c...
compiling stm32f1_usart.c...
compiling experiment_stm32f1.c...
..\Program\experiment_stm32f1.c(29): warning:  #177-D: variable "TrData" was declared but never referenced
compiling USART_RS232.c...
linking...
Program Size: Code=4564 RO-data=268 RW-data=84 ZI-data=1028  
".\Obj\STM32F103C8T.axf" - 0 Errors, 1 Warning(s).
Rebuild target 'STM32F103C8T'
assembling startup_stm32f10x_md.s...
compiling system_stm32f10x.c...
compiling stm32f10x_rcc.c...
compiling stm32f10x_gpio.c...
compiling stm32f10x_usart.c...
compiling stm32f1_system.c...
compiling stm32f1_delay.c...
compiling stm32f1_usart.c...
compiling experiment_stm32f1.c...
..\Program\experiment_stm32f1.c(29): warning:  #177-D: variable "TrData" was declared but never referenced
compiling USART_RS232.c...
linking...
Program Size: Code=4564 RO-data=268 RW-data=84 ZI-data=1028  
".\Obj\STM32F103C8T.axf" - 0 Errors, 1 Warning(s).
Load "E:\\Desktop\\STM32F1_RNR_TestUSART_20130820\\ProjectNR\\Obj\\STM32F103C8T.axf" 
Set JLink Project File to "E:\Desktop\STM32F1_RNR_TestUSART_20130820\ProjectNR\JLinkSettings.ini"
* JLink Info: Device "STM32F103C8" selected (64 KB flash, 20 KB RAM).
 
JLink info:
------------
DLL: V4.68a, compiled Apr 12 2013 13:26:50
Firmware: J-Link ARM-OB STM32 compiled Aug 22 2012 19:52:04
Hardware: V7.00
S/N : 20090928 
Feature(s) : RDI,FlashDL,FlashBP,JFlash,GDBFull 
 
* JLink Info: Found SWD-DP with ID 0x1BA01477
* JLink Info: Found SWD-DP with ID 0x1BA01477
* JLink Info: TPIU fitted.
* JLink Info: FPUnit: 6 code (BP) slots and 2 literal slots
* JLink Info: Found Cortex-M3 r1p1, Little endian.
ROMTableAddr = 0xE00FF003
 
Target info:
------------
Device: STM32F103C8
VTarget = 3.300V
State of Pins: 
TCK: 0, TDI: 0, TDO: 1, TMS: 0, TRES: 1, TRST: 1
Hardware-Breakpoints: 6
Software-Breakpoints: 8192
Watchpoints:          4
JTAG speed: 4000 kHz
 
Erase Done.
Programming Done.
Verify OK.
Application running ...
Load "E:\\Desktop\\STM32F1_RNR_TestUSART_20130820\\ProjectNR\\Obj\\STM32F103C8T.axf" 
Set JLink Project File to "E:\Desktop\STM32F1_RNR_TestUSART_20130820\ProjectNR\JLinkSettings.ini"
* JLink Info: Device "STM32F103C8" selected (64 KB flash, 20 KB RAM).
 
JLink info:
------------
DLL: V4.68a, compiled Apr 12 2013 13:26:50
Firmware: J-Link ARM-OB STM32 compiled Aug 22 2012 19:52:04
Hardware: V7.00
S/N : 20090928 
Feature(s) : RDI,FlashDL,FlashBP,JFlash,GDBFull 
 
* JLink Info: Found SWD-DP with ID 0x1BA01477
* JLink Info: Found SWD-DP with ID 0x1BA01477
* JLink Info: TPIU fitted.
* JLink Info: FPUnit: 6 code (BP) slots and 2 literal slots
* JLink Info: Found Cortex-M3 r1p1, Little endian.
ROMTableAddr = 0xE00FF003
 
Target info:
------------
Device: STM32F103C8
VTarget = 3.300V
State of Pins: 
TCK: 0, TDI: 0, TDO: 1, TMS: 0, TRES: 1, TRST: 1
Hardware-Breakpoints: 6
Software-Breakpoints: 8192
Watchpoints:          4
JTAG speed: 4000 kHz
 
Erase Done.
Programming Done.
Verify OK.
Application running ...
Rebuild target 'STM32F103C8T'
assembling startup_stm32f10x_md.s...
compiling system_stm32f10x.c...
compiling stm32f10x_rcc.c...
compiling stm32f10x_gpio.c...
compiling stm32f10x_usart.c...
compiling stm32f1_system.c...
compiling stm32f1_delay.c...
compiling stm32f1_usart.c...
compiling experiment_stm32f1.c...
..\Program\experiment_stm32f1.c(29): warning:  #177-D: variable "TrData" was declared but never referenced
compiling USART_RS232.c...
linking...
Program Size: Code=4564 RO-data=268 RW-data=84 ZI-data=1028  
".\Obj\STM32F103C8T.axf" - 0 Errors, 1 Warning(s).
Load "E:\\Desktop\\STM32F1_RNR_TestUSART_20130820\\ProjectNR\\Obj\\STM32F103C8T.axf" 
Set JLink Project File to "E:\Desktop\STM32F1_RNR_TestUSART_20130820\ProjectNR\JLinkSettings.ini"
* JLink Info: Device "STM32F103C8" selected (64 KB flash, 20 KB RAM).
 
JLink info:
------------
DLL: V4.68a, compiled Apr 12 2013 13:26:50
Firmware: J-Link ARM-OB STM32 compiled Aug 22 2012 19:52:04
Hardware: V7.00
S/N : 20090928 
Feature(s) : RDI,FlashDL,FlashBP,JFlash,GDBFull 
 
* JLink Info: Found SWD-DP with ID 0x1BA01477
* JLink Info: Found SWD-DP with ID 0x1BA01477
* JLink Info: TPIU fitted.
* JLink Info: FPUnit: 6 code (BP) slots and 2 literal slots
* JLink Info: Found Cortex-M3 r1p1, Little endian.
ROMTableAddr = 0xE00FF003
 
Target info:
------------
Device: STM32F103C8
VTarget = 3.300V
State of Pins: 
TCK: 0, TDI: 0, TDO: 1, TMS: 0, TRES: 1, TRST: 1
Hardware-Breakpoints: 6
Software-Breakpoints: 8192
Watchpoints:          4
JTAG speed: 4000 kHz
 
Erase Done.
Programming Done.
Verify OK.
Application running ...
Load "E:\\Desktop\\STM32F1_RNR_TestUSART_20130820\\ProjectNR\\Obj\\STM32F103C8T.axf" 
Set JLink Project File to "E:\Desktop\STM32F1_RNR_TestUSART_20130820\ProjectNR\JLinkSettings.ini"
* JLink Info: Device "STM32F103C8" selected (64 KB flash, 20 KB RAM).
 
JLink info:
------------
DLL: V4.68a, compiled Apr 12 2013 13:26:50
Firmware: J-Link ARM-OB STM32 compiled Aug 22 2012 19:52:04
Hardware: V7.00
S/N : 20090928 
Feature(s) : RDI,FlashDL,FlashBP,JFlash,GDBFull 
 
* JLink Info: Found SWD-DP with ID 0x1BA01477
* JLink Info: Found SWD-DP with ID 0x1BA01477
* JLink Info: TPIU fitted.
* JLink Info: FPUnit: 6 code (BP) slots and 2 literal slots
* JLink Info: Found Cortex-M3 r1p1, Little endian.
ROMTableAddr = 0xE00FF003
 
Target info:
------------
Device: STM32F103C8
VTarget = 3.300V
State of Pins: 
TCK: 0, TDI: 0, TDO: 1, TMS: 0, TRES: 1, TRST: 1
Hardware-Breakpoints: 6
Software-Breakpoints: 8192
Watchpoints:          4
JTAG speed: 4000 kHz
 
Erase Done.
Programming Done.
Verify OK.
Application running ...
Load "E:\\Desktop\\STM32F1_RNR_TestUSART_20130820\\ProjectNR\\Obj\\STM32F103C8T.axf" 
Set JLink Project File to "E:\Desktop\STM32F1_RNR_TestUSART_20130820\ProjectNR\JLinkSettings.ini"
* JLink Info: Device "STM32F103C8" selected (64 KB flash, 20 KB RAM).
 
JLink info:
------------
DLL: V4.68a, compiled Apr 12 2013 13:26:50
Firmware: J-Link ARM-OB STM32 compiled Aug 22 2012 19:52:04
Hardware: V7.00
S/N : 20090928 
Feature(s) : RDI,FlashDL,FlashBP,JFlash,GDBFull 
 
* JLink Info: Found SWD-DP with ID 0x1BA01477
* JLink Info: Found SWD-DP with ID 0x1BA01477
* JLink Info: TPIU fitted.
* JLink Info: FPUnit: 6 code (BP) slots and 2 literal slots
* JLink Info: Found Cortex-M3 r1p1, Little endian.
ROMTableAddr = 0xE00FF003
 
Target info:
------------
Device: STM32F103C8
VTarget = 3.300V
State of Pins: 
TCK: 0, TDI: 0, TDO: 1, TMS: 0, TRES: 1, TRST: 1
Hardware-Breakpoints: 6
Software-Breakpoints: 8192
Watchpoints:          4
JTAG speed: 4000 kHz
 
Erase Done.
Programming Done.
Verify OK.
Application running ...
Load "E:\\Desktop\\STM32F1_RNR_TestUSART_20130820\\ProjectNR\\Obj\\STM32F103C8T.axf" 
Set JLink Project File to "E:\Desktop\STM32F1_RNR_TestUSART_20130820\ProjectNR\JLinkSettings.ini"
* JLink Info: Device "STM32F103C8" selected (64 KB flash, 20 KB RAM).
 
JLink info:
------------
DLL: V4.68a, compiled Apr 12 2013 13:26:50
Firmware: J-Link ARM-OB STM32 compiled Aug 22 2012 19:52:04
Hardware: V7.00
S/N : 20090928 
Feature(s) : RDI,FlashDL,FlashBP,JFlash,GDBFull 
 
* JLink Info: Found SWD-DP with ID 0x1BA01477
* JLink Info: Found SWD-DP with ID 0x1BA01477
* JLink Info: TPIU fitted.
* JLink Info: FPUnit: 6 code (BP) slots and 2 literal slots
* JLink Info: Found Cortex-M3 r1p1, Little endian.
ROMTableAddr = 0xE00FF003
 
Target info:
------------
Device: STM32F103C8
VTarget = 3.300V
State of Pins: 
TCK: 0, TDI: 0, TDO: 1, TMS: 0, TRES: 1, TRST: 1
Hardware-Breakpoints: 6
Software-Breakpoints: 8192
Watchpoints:          4
JTAG speed: 4000 kHz
 
Erase Done.
Programming Done.
Verify OK.
Application running ...
Load "E:\\Desktop\\STM32F1_RNR_TestUSART_20130820\\ProjectNR\\Obj\\STM32F103C8T.axf" 
Set JLink Project File to "E:\Desktop\STM32F1_RNR_TestUSART_20130820\ProjectNR\JLinkSettings.ini"
* JLink Info: Device "STM32F103C8" selected (64 KB flash, 20 KB RAM).
 
JLink info:
------------
DLL: V4.68a, compiled Apr 12 2013 13:26:50
Firmware: J-Link ARM-OB STM32 compiled Aug 22 2012 19:52:04
Hardware: V7.00
S/N : 20090928 
Feature(s) : RDI,FlashDL,FlashBP,JFlash,GDBFull 
 
* JLink Info: Found SWD-DP with ID 0x1BA01477
* JLink Info: Found SWD-DP with ID 0x1BA01477
* JLink Info: TPIU fitted.
* JLink Info: FPUnit: 6 code (BP) slots and 2 literal slots
* JLink Info: Found Cortex-M3 r1p1, Little endian.
ROMTableAddr = 0xE00FF003
 
Target info:
------------
Device: STM32F103C8
VTarget = 3.300V
State of Pins: 
TCK: 0, TDI: 0, TDO: 1, TMS: 0, TRES: 1, TRST: 1
Hardware-Breakpoints: 6
Software-Breakpoints: 8192
Watchpoints:          4
JTAG speed: 4000 kHz
 
Erase Done.
Programming Done.
Verify OK.
Application running ...
Load "E:\\Desktop\\STM32F1_RNR_TestUSART_20130820\\ProjectNR\\Obj\\STM32F103C8T.axf" 
Set JLink Project File to "E:\Desktop\STM32F1_RNR_TestUSART_20130820\ProjectNR\JLinkSettings.ini"
* JLink Info: Device "STM32F103C8" selected (64 KB flash, 20 KB RAM).
 
JLink info:
------------
DLL: V4.68a, compiled Apr 12 2013 13:26:50
Firmware: J-Link ARM-OB STM32 compiled Aug 22 2012 19:52:04
Hardware: V7.00
S/N : 20090928 
Feature(s) : RDI,FlashDL,FlashBP,JFlash,GDBFull 
 
* JLink Info: Found SWD-DP with ID 0x1BA01477
* JLink Info: Found SWD-DP with ID 0x1BA01477
* JLink Info: TPIU fitted.
* JLink Info: FPUnit: 6 code (BP) slots and 2 literal slots
* JLink Info: Found Cortex-M3 r1p1, Little endian.
ROMTableAddr = 0xE00FF003
 
Target info:
------------
Device: STM32F103C8
VTarget = 3.300V
State of Pins: 
TCK: 0, TDI: 0, TDO: 1, TMS: 0, TRES: 1, TRST: 1
Hardware-Breakpoints: 6
Software-Breakpoints: 8192
Watchpoints:          4
JTAG speed: 4000 kHz
 
Erase Done.
Programming Done.
Verify OK.
Application running ...
Rebuild target 'STM32F103C8T'
assembling startup_stm32f10x_md.s...
compiling system_stm32f10x.c...
compiling stm32f10x_rcc.c...
compiling stm32f10x_gpio.c...
compiling stm32f10x_usart.c...
compiling stm32f1_system.c...
compiling stm32f1_delay.c...
compiling stm32f1_usart.c...
compiling experiment_stm32f1.c...
..\Program\experiment_stm32f1.c(46): warning:  #177-D: variable "TrData" was declared but never referenced
compiling USART_RS232.c...
linking...
Program Size: Code=4588 RO-data=268 RW-data=84 ZI-data=1028  
".\Obj\STM32F103C8T.axf" - 0 Errors, 1 Warning(s).
Rebuild target 'STM32F103C8T'
assembling startup_stm32f10x_md.s...
compiling system_stm32f10x.c...
compiling stm32f10x_rcc.c...
compiling stm32f10x_gpio.c...
compiling stm32f10x_usart.c...
compiling stm32f1_system.c...
compiling stm32f1_delay.c...
compiling stm32f1_usart.c...
compiling experiment_stm32f1.c...
..\Program\experiment_stm32f1.c(46): warning:  #177-D: variable "TrData" was declared but never referenced
compiling USART_RS232.c...
linking...
Program Size: Code=4588 RO-data=268 RW-data=84 ZI-data=1028  
".\Obj\STM32F103C8T.axf" - 0 Errors, 1 Warning(s).
Rebuild target 'STM32F103C8T'
assembling startup_stm32f10x_md.s...
compiling system_stm32f10x.c...
compiling stm32f10x_rcc.c...
compiling stm32f10x_gpio.c...
compiling stm32f10x_usart.c...
compiling stm32f1_system.c...
compiling stm32f1_delay.c...
compiling stm32f1_usart.c...
compiling experiment_stm32f1.c...
..\Program\experiment_stm32f1.c(46): warning:  #177-D: variable "TrData" was declared but never referenced
compiling USART_RS232.c...
linking...
Program Size: Code=4588 RO-data=268 RW-data=84 ZI-data=1028  
".\Obj\STM32F103C8T.axf" - 0 Errors, 1 Warning(s).
Rebuild target 'STM32F103C8T'
assembling startup_stm32f10x_md.s...
compiling system_stm32f10x.c...
compiling stm32f10x_rcc.c...
compiling stm32f10x_gpio.c...
compiling stm32f10x_usart.c...
compiling stm32f1_system.c...
compiling stm32f1_delay.c...
compiling stm32f1_usart.c...
compiling experiment_stm32f1.c...
..\Program\experiment_stm32f1.c(46): warning:  #177-D: variable "TrData" was declared but never referenced
compiling USART_RS232.c...
linking...
Program Size: Code=4632 RO-data=268 RW-data=84 ZI-data=1028  
".\Obj\STM32F103C8T.axf" - 0 Errors, 1 Warning(s).
Load "E:\\Desktop\\STM32F1_RNR_TestUSART_20130820\\ProjectNR\\Obj\\STM32F103C8T.axf" 
Set JLink Project File to "E:\Desktop\STM32F1_RNR_TestUSART_20130820\ProjectNR\JLinkSettings.ini"
* JLink Info: Device "STM32F103C8" selected (64 KB flash, 20 KB RAM).
 
JLink info:
------------
DLL: V4.68a, compiled Apr 12 2013 13:26:50
Firmware: J-Link ARM-OB STM32 compiled Aug 22 2012 19:52:04
Hardware: V7.00
S/N : 20090928 
Feature(s) : RDI,FlashDL,FlashBP,JFlash,GDBFull 
 
* JLink Info: Found SWD-DP with ID 0x1BA01477
* JLink Info: Found SWD-DP with ID 0x1BA01477
* JLink Info: TPIU fitted.
* JLink Info: FPUnit: 6 code (BP) slots and 2 literal slots
* JLink Info: Found Cortex-M3 r1p1, Little endian.
ROMTableAddr = 0xE00FF003
 
Target info:
------------
Device: STM32F103C8
VTarget = 3.300V
State of Pins: 
TCK: 0, TDI: 0, TDO: 1, TMS: 0, TRES: 1, TRST: 1
Hardware-Breakpoints: 6
Software-Breakpoints: 8192
Watchpoints:          4
JTAG speed: 4000 kHz
 
Erase Done.
Programming Done.
Verify OK.
Application running ...
Load "E:\\Desktop\\STM32F1_RNR_TestUSART_20130820\\ProjectNR\\Obj\\STM32F103C8T.axf" 
Set JLink Project File to "E:\Desktop\STM32F1_RNR_TestUSART_20130820\ProjectNR\JLinkSettings.ini"
* JLink Info: Device "STM32F103C8" selected (64 KB flash, 20 KB RAM).
 
JLink info:
------------
DLL: V4.68a, compiled Apr 12 2013 13:26:50
Firmware: J-Link ARM-OB STM32 compiled Aug 22 2012 19:52:04
Hardware: V7.00
S/N : 20090928 
Feature(s) : RDI,FlashDL,FlashBP,JFlash,GDBFull 
 
* JLink Info: Found SWD-DP with ID 0x1BA01477
* JLink Info: Found SWD-DP with ID 0x1BA01477
* JLink Info: TPIU fitted.
* JLink Info: FPUnit: 6 code (BP) slots and 2 literal slots
* JLink Info: Found Cortex-M3 r1p1, Little endian.
ROMTableAddr = 0xE00FF003
 
Target info:
------------
Device: STM32F103C8
VTarget = 3.300V
State of Pins: 
TCK: 0, TDI: 0, TDO: 1, TMS: 0, TRES: 1, TRST: 1
Hardware-Breakpoints: 6
Software-Breakpoints: 8192
Watchpoints:          4
JTAG speed: 4000 kHz
 
Erase Done.
Programming Done.
Verify OK.
Application running ...
Rebuild target 'STM32F103C8T'
assembling startup_stm32f10x_md.s...
compiling system_stm32f10x.c...
compiling stm32f10x_rcc.c...
compiling stm32f10x_gpio.c...
compiling stm32f10x_usart.c...
compiling stm32f1_system.c...
compiling stm32f1_delay.c...
compiling stm32f1_usart.c...
compiling experiment_stm32f1.c...
..\Program\experiment_stm32f1.c(46): warning:  #177-D: variable "TrData" was declared but never referenced
compiling USART_RS232.c...
linking...
Program Size: Code=4632 RO-data=268 RW-data=84 ZI-data=1028  
".\Obj\STM32F103C8T.axf" - 0 Errors, 1 Warning(s).
Load "E:\\Desktop\\STM32F1_RNR_TestUSART_20130820\\ProjectNR\\Obj\\STM32F103C8T.axf" 
Set JLink Project File to "E:\Desktop\STM32F1_RNR_TestUSART_20130820\ProjectNR\JLinkSettings.ini"
* JLink Info: Device "STM32F103C8" selected (64 KB flash, 20 KB RAM).
 
JLink info:
------------
DLL: V4.68a, compiled Apr 12 2013 13:26:50
Firmware: J-Link ARM-OB STM32 compiled Aug 22 2012 19:52:04
Hardware: V7.00
S/N : 20090928 
Feature(s) : RDI,FlashDL,FlashBP,JFlash,GDBFull 
 
* JLink Info: Found SWD-DP with ID 0x1BA01477
* JLink Info: Found SWD-DP with ID 0x1BA01477
* JLink Info: TPIU fitted.
* JLink Info: FPUnit: 6 code (BP) slots and 2 literal slots
* JLink Info: Found Cortex-M3 r1p1, Little endian.
ROMTableAddr = 0xE00FF003
 
Target info:
------------
Device: STM32F103C8
VTarget = 3.300V
State of Pins: 
TCK: 0, TDI: 0, TDO: 1, TMS: 0, TRES: 1, TRST: 1
Hardware-Breakpoints: 6
Software-Breakpoints: 8192
Watchpoints:          4
JTAG speed: 4000 kHz
 
Erase Done.
Programming Done.
Verify OK.
Application running ...
Rebuild target 'STM32F103C8T'
assembling startup_stm32f10x_md.s...
compiling system_stm32f10x.c...
compiling stm32f10x_rcc.c...
compiling stm32f10x_gpio.c...
compiling stm32f10x_usart.c...
compiling stm32f1_system.c...
compiling stm32f1_delay.c...
compiling stm32f1_usart.c...
compiling experiment_stm32f1.c...
..\Program\experiment_stm32f1.c(46): warning:  #177-D: variable "TrData" was declared but never referenced
compiling USART_RS232.c...
linking...
Program Size: Code=4612 RO-data=268 RW-data=84 ZI-data=1028  
".\Obj\STM32F103C8T.axf" - 0 Errors, 1 Warning(s).
Load "E:\\Desktop\\STM32F1_RNR_TestUSART_20130820\\ProjectNR\\Obj\\STM32F103C8T.axf" 
Set JLink Project File to "E:\Desktop\STM32F1_RNR_TestUSART_20130820\ProjectNR\JLinkSettings.ini"
* JLink Info: Device "STM32F103C8" selected (64 KB flash, 20 KB RAM).
 
JLink info:
------------
DLL: V4.68a, compiled Apr 12 2013 13:26:50
Firmware: J-Link ARM-OB STM32 compiled Aug 22 2012 19:52:04
Hardware: V7.00
S/N : 20090928 
Feature(s) : RDI,FlashDL,FlashBP,JFlash,GDBFull 
 
* JLink Info: Found SWD-DP with ID 0x1BA01477
* JLink Info: Found SWD-DP with ID 0x1BA01477
* JLink Info: TPIU fitted.
* JLink Info: FPUnit: 6 code (BP) slots and 2 literal slots
* JLink Info: Found Cortex-M3 r1p1, Little endian.
ROMTableAddr = 0xE00FF003
 
Target info:
------------
Device: STM32F103C8
VTarget = 3.300V
State of Pins: 
TCK: 0, TDI: 0, TDO: 1, TMS: 0, TRES: 1, TRST: 1
Hardware-Breakpoints: 6
Software-Breakpoints: 8192
Watchpoints:          4
JTAG speed: 4000 kHz
 
Erase Done.
Programming Done.
Verify OK.
Application running ...
Rebuild target 'STM32F103C8T'
assembling startup_stm32f10x_md.s...
compiling system_stm32f10x.c...
compiling stm32f10x_rcc.c...
compiling stm32f10x_gpio.c...
compiling stm32f10x_usart.c...
compiling stm32f1_system.c...
compiling stm32f1_delay.c...
compiling stm32f1_usart.c...
compiling experiment_stm32f1.c...
..\Program\experiment_stm32f1.c(46): warning:  #177-D: variable "TrData" was declared but never referenced
compiling USART_RS232.c...
linking...
Program Size: Code=4612 RO-data=268 RW-data=84 ZI-data=1028  
".\Obj\STM32F103C8T.axf" - 0 Errors, 1 Warning(s).
Load "E:\\Desktop\\STM32F1_RNR_TestUSART_20130820\\ProjectNR\\Obj\\STM32F103C8T.axf" 
Set JLink Project File to "E:\Desktop\STM32F1_RNR_TestUSART_20130820\ProjectNR\JLinkSettings.ini"
* JLink Info: Device "STM32F103C8" selected (64 KB flash, 20 KB RAM).
 
JLink info:
------------
DLL: V4.68a, compiled Apr 12 2013 13:26:50
Firmware: J-Link ARM-OB STM32 compiled Aug 22 2012 19:52:04
Hardware: V7.00
S/N : 20090928 
Feature(s) : RDI,FlashDL,FlashBP,JFlash,GDBFull 
 
* JLink Info: Found SWD-DP with ID 0x1BA01477
* JLink Info: Found SWD-DP with ID 0x1BA01477
* JLink Info: TPIU fitted.
* JLink Info: FPUnit: 6 code (BP) slots and 2 literal slots
* JLink Info: Found Cortex-M3 r1p1, Little endian.
ROMTableAddr = 0xE00FF003
 
Target info:
------------
Device: STM32F103C8
VTarget = 3.300V
State of Pins: 
TCK: 0, TDI: 0, TDO: 1, TMS: 0, TRES: 1, TRST: 1
Hardware-Breakpoints: 6
Software-Breakpoints: 8192
Watchpoints:          4
JTAG speed: 4000 kHz
 
Erase Done.
Programming Done.
Verify OK.
Application running ...
Rebuild target 'STM32F103C8T'
assembling startup_stm32f10x_md.s...
compiling system_stm32f10x.c...
compiling stm32f10x_rcc.c...
compiling stm32f10x_gpio.c...
compiling stm32f10x_usart.c...
compiling stm32f1_system.c...
compiling stm32f1_delay.c...
compiling stm32f1_usart.c...
compiling experiment_stm32f1.c...
..\Program\experiment_stm32f1.c(46): warning:  #177-D: variable "TrData" was declared but never referenced
compiling USART_RS232.c...
linking...
Program Size: Code=4612 RO-data=268 RW-data=84 ZI-data=1028  
".\Obj\STM32F103C8T.axf" - 0 Errors, 1 Warning(s).
Rebuild target 'STM32F103C8T'
assembling startup_stm32f10x_md.s...
compiling system_stm32f10x.c...
compiling stm32f10x_rcc.c...
compiling stm32f10x_gpio.c...
compiling stm32f10x_usart.c...
compiling stm32f1_system.c...
compiling stm32f1_delay.c...
compiling stm32f1_usart.c...
compiling experiment_stm32f1.c...
..\Program\experiment_stm32f1.c(46): warning:  #177-D: variable "TrData" was declared but never referenced
compiling USART_RS232.c...
linking...
Program Size: Code=4624 RO-data=268 RW-data=84 ZI-data=1028  
".\Obj\STM32F103C8T.axf" - 0 Errors, 1 Warning(s).
Load "E:\\Desktop\\STM32F1_RNR_TestUSART_20130820\\ProjectNR\\Obj\\STM32F103C8T.axf" 
Set JLink Project File to "E:\Desktop\STM32F1_RNR_TestUSART_20130820\ProjectNR\JLinkSettings.ini"
* JLink Info: Device "STM32F103C8" selected (64 KB flash, 20 KB RAM).
 
JLink info:
------------
DLL: V4.68a, compiled Apr 12 2013 13:26:50
Firmware: J-Link ARM-OB STM32 compiled Aug 22 2012 19:52:04
Hardware: V7.00
S/N : 20090928 
Feature(s) : RDI,FlashDL,FlashBP,JFlash,GDBFull 
 
* JLink Info: Found SWD-DP with ID 0x1BA01477
* JLink Info: Found SWD-DP with ID 0x1BA01477
* JLink Info: TPIU fitted.
* JLink Info: FPUnit: 6 code (BP) slots and 2 literal slots
* JLink Info: Found Cortex-M3 r1p1, Little endian.
ROMTableAddr = 0xE00FF003
 
Target info:
------------
Device: STM32F103C8
VTarget = 3.300V
State of Pins: 
TCK: 0, TDI: 0, TDO: 1, TMS: 0, TRES: 1, TRST: 1
Hardware-Breakpoints: 6
Software-Breakpoints: 8192
Watchpoints:          4
JTAG speed: 4000 kHz
 
Erase Done.
Programming Done.
Verify OK.
Application running ...
Rebuild target 'STM32F103C8T'
assembling startup_stm32f10x_md.s...
compiling system_stm32f10x.c...
compiling stm32f10x_rcc.c...
compiling stm32f10x_gpio.c...
compiling stm32f10x_usart.c...
compiling stm32f1_system.c...
compiling stm32f1_delay.c...
compiling stm32f1_usart.c...
compiling experiment_stm32f1.c...
..\Program\experiment_stm32f1.c(46): warning:  #177-D: variable "TrData" was declared but never referenced
compiling USART_RS232.c...
linking...
Program Size: Code=4624 RO-data=268 RW-data=84 ZI-data=1028  
".\Obj\STM32F103C8T.axf" - 0 Errors, 1 Warning(s).
Rebuild target 'STM32F103C8T'
assembling startup_stm32f10x_md.s...
compiling system_stm32f10x.c...
compiling stm32f10x_rcc.c...
compiling stm32f10x_gpio.c...
compiling stm32f10x_usart.c...
compiling stm32f1_system.c...
compiling stm32f1_delay.c...
compiling stm32f1_usart.c...
compiling experiment_stm32f1.c...
..\Program\experiment_stm32f1.c(46): warning:  #177-D: variable "TrData" was declared but never referenced
compiling USART_RS232.c...
linking...
Program Size: Code=4624 RO-data=268 RW-data=84 ZI-data=1028  
".\Obj\STM32F103C8T.axf" - 0 Errors, 1 Warning(s).
Load "E:\\Desktop\\STM32F1_RNR_TestUSART_20130820\\ProjectNR\\Obj\\STM32F103C8T.axf" 
Set JLink Project File to "E:\Desktop\STM32F1_RNR_TestUSART_20130820\ProjectNR\JLinkSettings.ini"
* JLink Info: Device "STM32F103C8" selected (64 KB flash, 20 KB RAM).
 
JLink info:
------------
DLL: V4.68a, compiled Apr 12 2013 13:26:50
Firmware: J-Link ARM-OB STM32 compiled Aug 22 2012 19:52:04
Hardware: V7.00
S/N : 20090928 
Feature(s) : RDI,FlashDL,FlashBP,JFlash,GDBFull 
 
* JLink Info: Found SWD-DP with ID 0x1BA01477
* JLink Info: Found SWD-DP with ID 0x1BA01477
* JLink Info: TPIU fitted.
* JLink Info: FPUnit: 6 code (BP) slots and 2 literal slots
* JLink Info: Found Cortex-M3 r1p1, Little endian.
ROMTableAddr = 0xE00FF003
 
Target info:
------------
Device: STM32F103C8
VTarget = 3.300V
State of Pins: 
TCK: 0, TDI: 0, TDO: 1, TMS: 0, TRES: 1, TRST: 1
Hardware-Breakpoints: 6
Software-Breakpoints: 8192
Watchpoints:          4
JTAG speed: 4000 kHz
 
Erase Done.
Programming Done.
Verify OK.
Application running ...
Load "E:\\Desktop\\STM32F1_RNR_TestUSART_20130820\\ProjectNR\\Obj\\STM32F103C8T.axf" 
Set JLink Project File to "E:\Desktop\STM32F1_RNR_TestUSART_20130820\ProjectNR\JLinkSettings.ini"
* JLink Info: Device "STM32F103C8" selected (64 KB flash, 20 KB RAM).
 
JLink info:
------------
DLL: V4.68a, compiled Apr 12 2013 13:26:50
Firmware: J-Link ARM-OB STM32 compiled Aug 22 2012 19:52:04
Hardware: V7.00
S/N : 20090928 
Feature(s) : RDI,FlashDL,FlashBP,JFlash,GDBFull 
 
* JLink Info: Found SWD-DP with ID 0x1BA01477
* JLink Info: Found SWD-DP with ID 0x1BA01477
* JLink Info: TPIU fitted.
* JLink Info: FPUnit: 6 code (BP) slots and 2 literal slots
* JLink Info: Found Cortex-M3 r1p1, Little endian.
ROMTableAddr = 0xE00FF003
 
Target info:
------------
Device: STM32F103C8
VTarget = 3.300V
State of Pins: 
TCK: 0, TDI: 0, TDO: 1, TMS: 0, TRES: 1, TRST: 1
Hardware-Breakpoints: 6
Software-Breakpoints: 8192
Watchpoints:          4
JTAG speed: 4000 kHz
 
Erase Done.
Programming Done.
Verify OK.
Application running ...
Rebuild target 'STM32F103C8T'
assembling startup_stm32f10x_md.s...
compiling system_stm32f10x.c...
compiling stm32f10x_rcc.c...
compiling stm32f10x_gpio.c...
compiling stm32f10x_usart.c...
compiling stm32f1_system.c...
compiling stm32f1_delay.c...
compiling stm32f1_usart.c...
compiling experiment_stm32f1.c...
..\Program\experiment_stm32f1.c(46): warning:  #177-D: variable "TrData" was declared but never referenced
compiling USART_RS232.c...
linking...
Program Size: Code=4624 RO-data=268 RW-data=84 ZI-data=1028  
".\Obj\STM32F103C8T.axf" - 0 Errors, 1 Warning(s).
Rebuild target 'STM32F103C8T'
assembling startup_stm32f10x_md.s...
compiling system_stm32f10x.c...
compiling stm32f10x_rcc.c...
compiling stm32f10x_gpio.c...
compiling stm32f10x_usart.c...
compiling stm32f1_system.c...
compiling stm32f1_delay.c...
compiling stm32f1_usart.c...
compiling experiment_stm32f1.c...
..\Program\experiment_stm32f1.c(46): warning:  #177-D: variable "TrData" was declared but never referenced
compiling USART_RS232.c...
linking...
Program Size: Code=4612 RO-data=268 RW-data=84 ZI-data=1028  
".\Obj\STM32F103C8T.axf" - 0 Errors, 1 Warning(s).
Load "E:\\Desktop\\STM32F1_RNR_TestUSART_20130820\\ProjectNR\\Obj\\STM32F103C8T.axf" 
Set JLink Project File to "E:\Desktop\STM32F1_RNR_TestUSART_20130820\ProjectNR\JLinkSettings.ini"
* JLink Info: Device "STM32F103C8" selected (64 KB flash, 20 KB RAM).
 
JLink info:
------------
DLL: V4.68a, compiled Apr 12 2013 13:26:50
Firmware: J-Link ARM-OB STM32 compiled Aug 22 2012 19:52:04
Hardware: V7.00
S/N : 20090928 
Feature(s) : RDI,FlashDL,FlashBP,JFlash,GDBFull 
 
* JLink Info: Found SWD-DP with ID 0x1BA01477
* JLink Info: Found SWD-DP with ID 0x1BA01477
* JLink Info: TPIU fitted.
* JLink Info: FPUnit: 6 code (BP) slots and 2 literal slots
* JLink Info: Found Cortex-M3 r1p1, Little endian.
ROMTableAddr = 0xE00FF003
 
Target info:
------------
Device: STM32F103C8
VTarget = 3.300V
State of Pins: 
TCK: 0, TDI: 0, TDO: 1, TMS: 0, TRES: 1, TRST: 1
Hardware-Breakpoints: 6
Software-Breakpoints: 8192
Watchpoints:          4
JTAG speed: 4000 kHz
 
Erase Done.
Programming Done.
Verify OK.
Application running ...
Rebuild target 'STM32F103C8T'
assembling startup_stm32f10x_md.s...
compiling system_stm32f10x.c...
compiling stm32f10x_rcc.c...
compiling stm32f10x_gpio.c...
compiling stm32f10x_usart.c...
compiling stm32f1_system.c...
compiling stm32f1_delay.c...
compiling stm32f1_usart.c...
compiling experiment_stm32f1.c...
..\Program\experiment_stm32f1.c(46): warning:  #177-D: variable "TrData" was declared but never referenced
compiling USART_RS232.c...
linking...
Program Size: Code=4612 RO-data=268 RW-data=84 ZI-data=1028  
".\Obj\STM32F103C8T.axf" - 0 Errors, 1 Warning(s).
Load "E:\\Desktop\\STM32F1_RNR_TestUSART_20130820\\ProjectNR\\Obj\\STM32F103C8T.axf" 
Set JLink Project File to "E:\Desktop\STM32F1_RNR_TestUSART_20130820\ProjectNR\JLinkSettings.ini"
* JLink Info: Device "STM32F103C8" selected (64 KB flash, 20 KB RAM).
 
JLink info:
------------
DLL: V4.68a, compiled Apr 12 2013 13:26:50
Firmware: J-Link ARM-OB STM32 compiled Aug 22 2012 19:52:04
Hardware: V7.00
S/N : 20090928 
Feature(s) : RDI,FlashDL,FlashBP,JFlash,GDBFull 
 
* JLink Info: Found SWD-DP with ID 0x1BA01477
* JLink Info: Found SWD-DP with ID 0x1BA01477
* JLink Info: TPIU fitted.
* JLink Info: FPUnit: 6 code (BP) slots and 2 literal slots
* JLink Info: Found Cortex-M3 r1p1, Little endian.
ROMTableAddr = 0xE00FF003
 
Target info:
------------
Device: STM32F103C8
VTarget = 3.300V
State of Pins: 
TCK: 0, TDI: 0, TDO: 1, TMS: 0, TRES: 1, TRST: 1
Hardware-Breakpoints: 6
Software-Breakpoints: 8192
Watchpoints:          4
JTAG speed: 4000 kHz
 
Erase Done.
Programming Done.
Verify OK.
Application running ...
Load "E:\\Desktop\\STM32F1_RNR_TestUSART_20130820\\ProjectNR\\Obj\\STM32F103C8T.axf" 
Set JLink Project File to "E:\Desktop\STM32F1_RNR_TestUSART_20130820\ProjectNR\JLinkSettings.ini"
* JLink Info: Device "STM32F103C8" selected (64 KB flash, 20 KB RAM).
 
JLink info:
------------
DLL: V4.68a, compiled Apr 12 2013 13:26:50
Firmware: J-Link ARM-OB STM32 compiled Aug 22 2012 19:52:04
Hardware: V7.00
S/N : 20090928 
Feature(s) : RDI,FlashDL,FlashBP,JFlash,GDBFull 
 
* JLink Info: Found SWD-DP with ID 0x1BA01477
* JLink Info: Found SWD-DP with ID 0x1BA01477
* JLink Info: TPIU fitted.
* JLink Info: FPUnit: 6 code (BP) slots and 2 literal slots
* JLink Info: Found Cortex-M3 r1p1, Little endian.
ROMTableAddr = 0xE00FF003
 
Target info:
------------
Device: STM32F103C8
VTarget = 3.300V
State of Pins: 
TCK: 0, TDI: 0, TDO: 1, TMS: 0, TRES: 1, TRST: 1
Hardware-Breakpoints: 6
Software-Breakpoints: 8192
Watchpoints:          4
JTAG speed: 4000 kHz
 
Erase Done.
Programming Done.
Verify OK.
Application running ...
Rebuild target 'STM32F103C8T'
assembling startup_stm32f10x_md.s...
compiling system_stm32f10x.c...
compiling stm32f10x_rcc.c...
compiling stm32f10x_gpio.c...
compiling stm32f10x_usart.c...
compiling stm32f1_system.c...
compiling stm32f1_delay.c...
compiling stm32f1_usart.c...
compiling experiment_stm32f1.c...
..\Program\experiment_stm32f1.c(46): warning:  #177-D: variable "TrData" was declared but never referenced
compiling USART_RS232.c...
linking...
Program Size: Code=4604 RO-data=268 RW-data=84 ZI-data=1028  
".\Obj\STM32F103C8T.axf" - 0 Errors, 1 Warning(s).
Load "E:\\Desktop\\STM32F1_RNR_TestUSART_20130820\\ProjectNR\\Obj\\STM32F103C8T.axf" 
Set JLink Project File to "E:\Desktop\STM32F1_RNR_TestUSART_20130820\ProjectNR\JLinkSettings.ini"
* JLink Info: Device "STM32F103C8" selected (64 KB flash, 20 KB RAM).
 
JLink info:
------------
DLL: V4.68a, compiled Apr 12 2013 13:26:50
Firmware: J-Link ARM-OB STM32 compiled Aug 22 2012 19:52:04
Hardware: V7.00
S/N : 20090928 
Feature(s) : RDI,FlashDL,FlashBP,JFlash,GDBFull 
 
* JLink Info: Found SWD-DP with ID 0x1BA01477
* JLink Info: Found SWD-DP with ID 0x1BA01477
* JLink Info: TPIU fitted.
* JLink Info: FPUnit: 6 code (BP) slots and 2 literal slots
* JLink Info: Found Cortex-M3 r1p1, Little endian.
ROMTableAddr = 0xE00FF003
 
Target info:
------------
Device: STM32F103C8
VTarget = 3.300V
State of Pins: 
TCK: 0, TDI: 0, TDO: 1, TMS: 0, TRES: 1, TRST: 1
Hardware-Breakpoints: 6
Software-Breakpoints: 8192
Watchpoints:          4
JTAG speed: 4000 kHz
 
Erase Done.
Programming Done.
Verify OK.
Application running ...
Rebuild target 'STM32F103C8T'
assembling startup_stm32f10x_md.s...
compiling system_stm32f10x.c...
compiling stm32f10x_rcc.c...
compiling stm32f10x_gpio.c...
compiling stm32f10x_usart.c...
compiling stm32f1_system.c...
compiling stm32f1_delay.c...
compiling stm32f1_usart.c...
compiling experiment_stm32f1.c...
..\Program\experiment_stm32f1.c(46): warning:  #177-D: variable "TrData" was declared but never referenced
compiling USART_RS232.c...
linking...
Program Size: Code=4612 RO-data=268 RW-data=84 ZI-data=1028  
".\Obj\STM32F103C8T.axf" - 0 Errors, 1 Warning(s).
Rebuild target 'STM32F103C8T'
assembling startup_stm32f10x_md.s...
compiling system_stm32f10x.c...
compiling stm32f10x_rcc.c...
compiling stm32f10x_gpio.c...
compiling stm32f10x_usart.c...
compiling stm32f1_system.c...
compiling stm32f1_delay.c...
compiling stm32f1_usart.c...
compiling experiment_stm32f1.c...
..\Program\experiment_stm32f1.c(46): warning:  #177-D: variable "TrData" was declared but never referenced
compiling USART_RS232.c...
linking...
Program Size: Code=4612 RO-data=268 RW-data=84 ZI-data=1028  
".\Obj\STM32F103C8T.axf" - 0 Errors, 1 Warning(s).
Load "E:\\Desktop\\STM32F1_RNR_TestUSART_20130820\\ProjectNR\\Obj\\STM32F103C8T.axf" 
Set JLink Project File to "E:\Desktop\STM32F1_RNR_TestUSART_20130820\ProjectNR\JLinkSettings.ini"
* JLink Info: Device "STM32F103C8" selected (64 KB flash, 20 KB RAM).
 
JLink info:
------------
DLL: V4.68a, compiled Apr 12 2013 13:26:50
Firmware: J-Link ARM-OB STM32 compiled Aug 22 2012 19:52:04
Hardware: V7.00
S/N : 20090928 
Feature(s) : RDI,FlashDL,FlashBP,JFlash,GDBFull 
 
* JLink Info: Found SWD-DP with ID 0x1BA01477
* JLink Info: Found SWD-DP with ID 0x1BA01477
* JLink Info: TPIU fitted.
* JLink Info: FPUnit: 6 code (BP) slots and 2 literal slots
* JLink Info: Found Cortex-M3 r1p1, Little endian.
ROMTableAddr = 0xE00FF003
 
Target info:
------------
Device: STM32F103C8
VTarget = 3.300V
State of Pins: 
TCK: 0, TDI: 0, TDO: 1, TMS: 0, TRES: 1, TRST: 1
Hardware-Breakpoints: 6
Software-Breakpoints: 8192
Watchpoints:          4
JTAG speed: 4000 kHz
 
Erase Done.
Programming Done.
Verify OK.
Application running ...
Rebuild target 'STM32F103C8T'
assembling startup_stm32f10x_md.s...
compiling system_stm32f10x.c...
compiling stm32f10x_rcc.c...
compiling stm32f10x_gpio.c...
compiling stm32f10x_usart.c...
compiling stm32f1_system.c...
compiling stm32f1_delay.c...
compiling stm32f1_usart.c...
compiling experiment_stm32f1.c...
..\Program\experiment_stm32f1.c(58): error:  #165: too few arguments in function call
..\Program\experiment_stm32f1.c(46): warning:  #177-D: variable "TrData" was declared but never referenced
compiling USART_RS232.c...
".\Obj\STM32F103C8T.axf" - 1 Errors, 1 Warning(s).
Target not created
Load "E:\\Desktop\\STM32F1_RNR_TestUSART_20130820\\ProjectNR\\Obj\\STM32F103C8T.axf" 
Set JLink Project File to "E:\Desktop\STM32F1_RNR_TestUSART_20130820\ProjectNR\JLinkSettings.ini"
* JLink Info: Device "STM32F103C8" selected (64 KB flash, 20 KB RAM).
 
JLink info:
------------
DLL: V4.68a, compiled Apr 12 2013 13:26:50
Firmware: J-Link ARM-OB STM32 compiled Aug 22 2012 19:52:04
Hardware: V7.00
S/N : 20090928 
Feature(s) : RDI,FlashDL,FlashBP,JFlash,GDBFull 
 
* JLink Info: Found SWD-DP with ID 0x1BA01477
* JLink Info: Found SWD-DP with ID 0x1BA01477
* JLink Info: TPIU fitted.
* JLink Info: FPUnit: 6 code (BP) slots and 2 literal slots
* JLink Info: Found Cortex-M3 r1p1, Little endian.
ROMTableAddr = 0xE00FF003
 
Target info:
------------
Device: STM32F103C8
VTarget = 3.300V
State of Pins: 
TCK: 0, TDI: 0, TDO: 1, TMS: 0, TRES: 1, TRST: 1
Hardware-Breakpoints: 6
Software-Breakpoints: 8192
Watchpoints:          4
JTAG speed: 4000 kHz
 
Erase Done.
Programming Done.
Verify OK.
Application running ...
Rebuild target 'STM32F103C8T'
assembling startup_stm32f10x_md.s...
compiling system_stm32f10x.c...
compiling stm32f10x_rcc.c...
compiling stm32f10x_gpio.c...
compiling stm32f10x_usart.c...
compiling stm32f1_system.c...
compiling stm32f1_delay.c...
compiling stm32f1_usart.c...
compiling experiment_stm32f1.c...
..\Program\experiment_stm32f1.c(46): warning:  #177-D: variable "TrData" was declared but never referenced
compiling USART_RS232.c...
linking...
Program Size: Code=4620 RO-data=268 RW-data=84 ZI-data=1028  
".\Obj\STM32F103C8T.axf" - 0 Errors, 1 Warning(s).
Load "E:\\Desktop\\STM32F1_RNR_TestUSART_20130820\\ProjectNR\\Obj\\STM32F103C8T.axf" 
Set JLink Project File to "E:\Desktop\STM32F1_RNR_TestUSART_20130820\ProjectNR\JLinkSettings.ini"
* JLink Info: Device "STM32F103C8" selected (64 KB flash, 20 KB RAM).
 
JLink info:
------------
DLL: V4.68a, compiled Apr 12 2013 13:26:50
Firmware: J-Link ARM-OB STM32 compiled Aug 22 2012 19:52:04
Hardware: V7.00
S/N : 20090928 
Feature(s) : RDI,FlashDL,FlashBP,JFlash,GDBFull 
 
* JLink Info: Found SWD-DP with ID 0x1BA01477
* JLink Info: Found SWD-DP with ID 0x1BA01477
* JLink Info: TPIU fitted.
* JLink Info: FPUnit: 6 code (BP) slots and 2 literal slots
* JLink Info: Found Cortex-M3 r1p1, Little endian.
ROMTableAddr = 0xE00FF003
 
Target info:
------------
Device: STM32F103C8
VTarget = 3.300V
State of Pins: 
TCK: 0, TDI: 0, TDO: 1, TMS: 0, TRES: 1, TRST: 1
Hardware-Breakpoints: 6
Software-Breakpoints: 8192
Watchpoints:          4
JTAG speed: 4000 kHz
 
Erase Done.
Programming Done.
Verify OK.
Application running ...
Rebuild target 'STM32F103C8T'
assembling startup_stm32f10x_md.s...
compiling system_stm32f10x.c...
compiling stm32f10x_rcc.c...
compiling stm32f10x_gpio.c...
compiling stm32f10x_usart.c...
compiling stm32f1_system.c...
compiling stm32f1_delay.c...
compiling stm32f1_usart.c...
compiling experiment_stm32f1.c...
..\Program\experiment_stm32f1.c(46): warning:  #177-D: variable "TrData" was declared but never referenced
compiling USART_RS232.c...
linking...
Program Size: Code=4620 RO-data=268 RW-data=84 ZI-data=1028  
".\Obj\STM32F103C8T.axf" - 0 Errors, 1 Warning(s).
Load "E:\\Desktop\\STM32F1_RNR_TestUSART_20130820\\ProjectNR\\Obj\\STM32F103C8T.axf" 
Set JLink Project File to "E:\Desktop\STM32F1_RNR_TestUSART_20130820\ProjectNR\JLinkSettings.ini"
* JLink Info: Device "STM32F103C8" selected (64 KB flash, 20 KB RAM).
 
JLink info:
------------
DLL: V4.68a, compiled Apr 12 2013 13:26:50
Firmware: J-Link ARM-OB STM32 compiled Aug 22 2012 19:52:04
Hardware: V7.00
S/N : 20090928 
Feature(s) : RDI,FlashDL,FlashBP,JFlash,GDBFull 
 
* JLink Info: Found SWD-DP with ID 0x1BA01477
* JLink Info: Found SWD-DP with ID 0x1BA01477
* JLink Info: TPIU fitted.
* JLink Info: FPUnit: 6 code (BP) slots and 2 literal slots
* JLink Info: Found Cortex-M3 r1p1, Little endian.
ROMTableAddr = 0xE00FF003
 
Target info:
------------
Device: STM32F103C8
VTarget = 3.300V
State of Pins: 
TCK: 0, TDI: 0, TDO: 1, TMS: 0, TRES: 1, TRST: 1
Hardware-Breakpoints: 6
Software-Breakpoints: 8192
Watchpoints:          4
JTAG speed: 4000 kHz
 
Erase Done.
Programming Done.
Verify OK.
Application running ...
Rebuild target 'STM32F103C8T'
assembling startup_stm32f10x_md.s...
compiling system_stm32f10x.c...
compiling stm32f10x_rcc.c...
compiling stm32f10x_gpio.c...
compiling stm32f10x_usart.c...
compiling stm32f1_system.c...
compiling stm32f1_delay.c...
compiling stm32f1_usart.c...
compiling experiment_stm32f1.c...
..\Program\experiment_stm32f1.c(46): warning:  #177-D: variable "TrData" was declared but never referenced
compiling USART_RS232.c...
linking...
Program Size: Code=4620 RO-data=268 RW-data=84 ZI-data=1028  
".\Obj\STM32F103C8T.axf" - 0 Errors, 1 Warning(s).
Load "E:\\Desktop\\STM32F1_RNR_TestUSART_20130820\\ProjectNR\\Obj\\STM32F103C8T.axf" 
Set JLink Project File to "E:\Desktop\STM32F1_RNR_TestUSART_20130820\ProjectNR\JLinkSettings.ini"
* JLink Info: Device "STM32F103C8" selected (64 KB flash, 20 KB RAM).
 
JLink info:
------------
DLL: V4.68a, compiled Apr 12 2013 13:26:50
Firmware: J-Link ARM-OB STM32 compiled Aug 22 2012 19:52:04
Hardware: V7.00
S/N : 20090928 
Feature(s) : RDI,FlashDL,FlashBP,JFlash,GDBFull 
 
[...]
* JLink Info: Device "STM32F103C8" selected (64 KB flash, 20 KB RAM).
 
JLink info:
------------
DLL: V4.68a, compiled Apr 12 2013 13:26:50
Firmware: J-Link ARM-OB STM32 compiled Aug 22 2012 19:52:04
Hardware: V7.00
S/N : 20090928 
Feature(s) : RDI,FlashDL,FlashBP,JFlash,GDBFull 
 
* JLink Info: Found SWD-DP with ID 0x1BA01477
* JLink Info: Found SWD-DP with ID 0x1BA01477
* JLink Info: TPIU fitted.
* JLink Info: FPUnit: 6 code (BP) slots and 2 literal slots
* JLink Info: Found Cortex-M3 r1p1, Little endian.
ROMTableAddr = 0xE00FF003
 
Target info:
------------
Device: STM32F103C8
VTarget = 3.300V
State of Pins: 
TCK: 0, TDI: 0, TDO: 1, TMS: 0, TRES: 1, TRST: 1
Hardware-Breakpoints: 6
Software-Breakpoints: 8192
Watchpoints:          4
JTAG speed: 4000 kHz
 
Erase Done.
Programming Done.
Verify OK.
Application running ...
Rebuild target 'STM32F103C8T'
assembling startup_stm32f10x_md.s...
compiling system_stm32f10x.c...
compiling stm32f10x_rcc.c...
compiling stm32f10x_gpio.c...
compiling stm32f10x_usart.c...
compiling stm32f1_system.c...
compiling stm32f1_delay.c...
compiling stm32f1_usart.c...
compiling experiment_stm32f1.c...
..\Program\experiment_stm32f1.c(43): warning:  #177-D: variable "TrData" was declared but never referenced
compiling USART_RS232.c...
linking...
Program Size: Code=4604 RO-data=268 RW-data=88 ZI-data=1024  
".\Obj\STM32F103C8T.axf" - 0 Errors, 1 Warning(s).
Load "E:\\Desktop\\STM32F1_RNR_TestUSART_20130820\\ProjectNR\\Obj\\STM32F103C8T.axf" 
Set JLink Project File to "E:\Desktop\STM32F1_RNR_TestUSART_20130820\ProjectNR\JLinkSettings.ini"
* JLink Info: Device "STM32F103C8" selected (64 KB flash, 20 KB RAM).
 
JLink info:
------------
DLL: V4.68a, compiled Apr 12 2013 13:26:50
Firmware: J-Link ARM-OB STM32 compiled Aug 22 2012 19:52:04
Hardware: V7.00
S/N : 20090928 
Feature(s) : RDI,FlashDL,FlashBP,JFlash,GDBFull 
 
* JLink Info: Found SWD-DP with ID 0x1BA01477
* JLink Info: Found SWD-DP with ID 0x1BA01477
* JLink Info: TPIU fitted.
* JLink Info: FPUnit: 6 code (BP) slots and 2 literal slots
* JLink Info: Found Cortex-M3 r1p1, Little endian.
ROMTableAddr = 0xE00FF003
 
Target info:
------------
Device: STM32F103C8
VTarget = 3.300V
State of Pins: 
TCK: 0, TDI: 0, TDO: 1, TMS: 0, TRES: 1, TRST: 1
Hardware-Breakpoints: 6
Software-Breakpoints: 8192
Watchpoints:          4
JTAG speed: 4000 kHz
 
Erase Done.
Programming Done.
Verify OK.
Application running ...
Rebuild target 'STM32F103C8T'
assembling startup_stm32f10x_md.s...
compiling system_stm32f10x.c...
compiling stm32f10x_rcc.c...
compiling stm32f10x_gpio.c...
compiling stm32f10x_usart.c...
compiling stm32f1_system.c...
compiling stm32f1_delay.c...
compiling stm32f1_usart.c...
compiling experiment_stm32f1.c...
..\Program\experiment_stm32f1.c(43): warning:  #177-D: variable "TrData" was declared but never referenced
compiling USART_RS232.c...
linking...
Program Size: Code=4604 RO-data=268 RW-data=88 ZI-data=1024  
".\Obj\STM32F103C8T.axf" - 0 Errors, 1 Warning(s).
Rebuild target 'STM32F103C8T'
assembling startup_stm32f10x_md.s...
compiling system_stm32f10x.c...
compiling stm32f10x_rcc.c...
compiling stm32f10x_gpio.c...
compiling stm32f10x_usart.c...
compiling stm32f1_system.c...
compiling stm32f1_delay.c...
compiling stm32f1_usart.c...
compiling experiment_stm32f1.c...
..\Program\experiment_stm32f1.c(43): warning:  #177-D: variable "TrData" was declared but never referenced
compiling USART_RS232.c...
linking...
Program Size: Code=4604 RO-data=268 RW-data=88 ZI-data=1024  
".\Obj\STM32F103C8T.axf" - 0 Errors, 1 Warning(s).
Load "E:\\Desktop\\STM32F1_RNR_TestUSART_20130820\\ProjectNR\\Obj\\STM32F103C8T.axf" 
Set JLink Project File to "E:\Desktop\STM32F1_RNR_TestUSART_20130820\ProjectNR\JLinkSettings.ini"
* JLink Info: Device "STM32F103C8" selected (64 KB flash, 20 KB RAM).
 
JLink info:
------------
DLL: V4.68a, compiled Apr 12 2013 13:26:50
Firmware: J-Link ARM-OB STM32 compiled Aug 22 2012 19:52:04
Hardware: V7.00
S/N : 20090928 
Feature(s) : RDI,FlashDL,FlashBP,JFlash,GDBFull 
 
* JLink Info: Found SWD-DP with ID 0x1BA01477
* JLink Info: Found SWD-DP with ID 0x1BA01477
* JLink Info: TPIU fitted.
* JLink Info: FPUnit: 6 code (BP) slots and 2 literal slots
* JLink Info: Found Cortex-M3 r1p1, Little endian.
ROMTableAddr = 0xE00FF003
 
Target info:
------------
Device: STM32F103C8
VTarget = 3.300V
State of Pins: 
TCK: 0, TDI: 0, TDO: 1, TMS: 0, TRES: 1, TRST: 1
Hardware-Breakpoints: 6
Software-Breakpoints: 8192
Watchpoints:          4
JTAG speed: 4000 kHz
 
Erase Done.
Programming Done.
Verify OK.
Application running ...
Load "E:\\Desktop\\STM32F1_RNR_TestUSART_20130820\\ProjectNR\\Obj\\STM32F103C8T.axf" 
Set JLink Project File to "E:\Desktop\STM32F1_RNR_TestUSART_20130820\ProjectNR\JLinkSettings.ini"
* JLink Info: Device "STM32F103C8" selected (64 KB flash, 20 KB RAM).
 
JLink info:
------------
DLL: V4.68a, compiled Apr 12 2013 13:26:50
Firmware: J-Link ARM-OB STM32 compiled Aug 22 2012 19:52:04
Hardware: V7.00
S/N : 20090928 
Feature(s) : RDI,FlashDL,FlashBP,JFlash,GDBFull 
 
* JLink Info: Found SWD-DP with ID 0x1BA01477
* JLink Info: Found SWD-DP with ID 0x1BA01477
* JLink Info: TPIU fitted.
* JLink Info: FPUnit: 6 code (BP) slots and 2 literal slots
* JLink Info: Found Cortex-M3 r1p1, Little endian.
ROMTableAddr = 0xE00FF003
 
Target info:
------------
Device: STM32F103C8
VTarget = 3.300V
State of Pins: 
TCK: 0, TDI: 0, TDO: 1, TMS: 0, TRES: 1, TRST: 1
Hardware-Breakpoints: 6
Software-Breakpoints: 8192
Watchpoints:          4
JTAG speed: 4000 kHz
 
Erase Done.
Programming Done.
Verify OK.
Application running ...
Rebuild target 'STM32F103C8T'
assembling startup_stm32f10x_md.s...
compiling system_stm32f10x.c...
compiling stm32f10x_rcc.c...
compiling stm32f10x_gpio.c...
compiling stm32f10x_usart.c...
compiling stm32f1_system.c...
compiling stm32f1_delay.c...
compiling stm32f1_usart.c...
compiling experiment_stm32f1.c...
..\Program\experiment_stm32f1.c(43): warning:  #177-D: variable "TrData" was declared but never referenced
compiling USART_RS232.c...
..\Program\USART_RS232.c(199): error:  #165: too few arguments in function call
".\Obj\STM32F103C8T.axf" - 1 Errors, 1 Warning(s).
Target not created
Rebuild target 'STM32F103C8T'
assembling startup_stm32f10x_md.s...
compiling system_stm32f10x.c...
compiling stm32f10x_rcc.c...
compiling stm32f10x_gpio.c...
compiling stm32f10x_usart.c...
compiling stm32f1_system.c...
compiling stm32f1_delay.c...
compiling stm32f1_usart.c...
compiling experiment_stm32f1.c...
..\Program\experiment_stm32f1.c(42): warning:  #177-D: variable "TrData" was declared but never referenced
compiling USART_RS232.c...
..\Program\USART_RS232.c(199): error:  #165: too few arguments in function call
".\Obj\STM32F103C8T.axf" - 1 Errors, 1 Warning(s).
Target not created
Rebuild target 'STM32F103C8T'
assembling startup_stm32f10x_md.s...
compiling system_stm32f10x.c...
compiling stm32f10x_rcc.c...
compiling stm32f10x_gpio.c...
compiling stm32f10x_usart.c...
compiling stm32f1_system.c...
compiling stm32f1_delay.c...
compiling stm32f1_usart.c...
compiling experiment_stm32f1.c...
..\Program\experiment_stm32f1.c(42): warning:  #177-D: variable "TrData" was declared but never referenced
compiling USART_RS232.c...
..\Program\USART_RS232.c(199): error:  #165: too few arguments in function call
".\Obj\STM32F103C8T.axf" - 1 Errors, 1 Warning(s).
Target not created
Rebuild target 'STM32F103C8T'
assembling startup_stm32f10x_md.s...
compiling system_stm32f10x.c...
compiling stm32f10x_rcc.c...
compiling stm32f10x_gpio.c...
compiling stm32f10x_usart.c...
compiling stm32f1_system.c...
compiling stm32f1_delay.c...
compiling stm32f1_usart.c...
compiling experiment_stm32f1.c...
..\Program\experiment_stm32f1.c(42): warning:  #177-D: variable "TrData" was declared but never referenced
compiling USART_RS232.c...
..\Program\USART_RS232.c(199): error:  #165: too few arguments in function call
".\Obj\STM32F103C8T.axf" - 1 Errors, 1 Warning(s).
Target not created
Rebuild target 'STM32F103C8T'
assembling startup_stm32f10x_md.s...
compiling system_stm32f10x.c...
compiling stm32f10x_rcc.c...
compiling stm32f10x_gpio.c...
compiling stm32f10x_usart.c...
compiling stm32f1_system.c...
compiling stm32f1_delay.c...
compiling stm32f1_usart.c...
compiling experiment_stm32f1.c...
..\Program\experiment_stm32f1.c(42): warning:  #177-D: variable "TrData" was declared but never referenced
compiling USART_RS232.c...
linking...
Program Size: Code=4616 RO-data=268 RW-data=88 ZI-data=1024  
".\Obj\STM32F103C8T.axf" - 0 Errors, 1 Warning(s).
Rebuild target 'STM32F103C8T'
assembling startup_stm32f10x_md.s...
compiling system_stm32f10x.c...
compiling stm32f10x_rcc.c...
compiling stm32f10x_gpio.c...
compiling stm32f10x_usart.c...
compiling stm32f1_system.c...
compiling stm32f1_delay.c...
compiling stm32f1_usart.c...
compiling experiment_stm32f1.c...
..\Program\experiment_stm32f1.c(42): warning:  #177-D: variable "TrData" was declared but never referenced
compiling USART_RS232.c...
linking...
Program Size: Code=4616 RO-data=268 RW-data=88 ZI-data=1024  
".\Obj\STM32F103C8T.axf" - 0 Errors, 1 Warning(s).
Rebuild target 'STM32F103C8T'
assembling startup_stm32f10x_md.s...
compiling system_stm32f10x.c...
compiling stm32f10x_rcc.c...
compiling stm32f10x_gpio.c...
compiling stm32f10x_usart.c...
compiling stm32f1_system.c...
compiling stm32f1_delay.c...
compiling stm32f1_usart.c...
compiling experiment_stm32f1.c...
..\Program\experiment_stm32f1.c(42): warning:  #177-D: variable "TrData" was declared but never referenced
compiling USART_RS232.c...
linking...
Program Size: Code=4616 RO-data=268 RW-data=88 ZI-data=1024  
".\Obj\STM32F103C8T.axf" - 0 Errors, 1 Warning(s).
Rebuild target 'STM32F103C8T'
assembling startup_stm32f10x_md.s...
compiling system_stm32f10x.c...
compiling stm32f10x_rcc.c...
compiling stm32f10x_gpio.c...
compiling stm32f10x_usart.c...
compiling stm32f1_system.c...
compiling stm32f1_delay.c...
compiling stm32f1_usart.c...
compiling experiment_stm32f1.c...
..\Program\experiment_stm32f1.c(42): warning:  #177-D: variable "TrData" was declared but never referenced
compiling USART_RS232.c...
linking...
Program Size: Code=4612 RO-data=268 RW-data=88 ZI-data=1024  
".\Obj\STM32F103C8T.axf" - 0 Errors, 1 Warning(s).
Load "E:\\Desktop\\STM32F1_RNR_TestUSART_20130820\\ProjectNR\\Obj\\STM32F103C8T.axf" 
Set JLink Project File to "E:\Desktop\STM32F1_RNR_TestUSART_20130820\ProjectNR\JLinkSettings.ini"
* JLink Info: Device "STM32F103C8" selected (64 KB flash, 20 KB RAM).
 
JLink info:
------------
DLL: V4.68a, compiled Apr 12 2013 13:26:50
Firmware: J-Link ARM-OB STM32 compiled Aug 22 2012 19:52:04
Hardware: V7.00
S/N : 20090928 
Feature(s) : RDI,FlashDL,FlashBP,JFlash,GDBFull 
 
* JLink Info: Found SWD-DP with ID 0x1BA01477
* JLink Info: Found SWD-DP with ID 0x1BA01477
* JLink Info: TPIU fitted.
* JLink Info: FPUnit: 6 code (BP) slots and 2 literal slots
* JLink Info: Found Cortex-M3 r1p1, Little endian.
ROMTableAddr = 0xE00FF003
 
Target info:
------------
Device: STM32F103C8
VTarget = 3.300V
State of Pins: 
TCK: 0, TDI: 0, TDO: 1, TMS: 0, TRES: 1, TRST: 1
Hardware-Breakpoints: 6
Software-Breakpoints: 8192
Watchpoints:          4
JTAG speed: 4000 kHz
 
Erase Done.
Programming Done.
Verify OK.
Application running ...
Load "E:\\Desktop\\STM32F1_RNR_TestUSART_20130820\\ProjectNR\\Obj\\STM32F103C8T.axf" 
Set JLink Project File to "E:\Desktop\STM32F1_RNR_TestUSART_20130820\ProjectNR\JLinkSettings.ini"
* JLink Info: Device "STM32F103C8" selected (64 KB flash, 20 KB RAM).
 
JLink info:
------------
DLL: V4.68a, compiled Apr 12 2013 13:26:50
Firmware: J-Link ARM-OB STM32 compiled Aug 22 2012 19:52:04
Hardware: V7.00
S/N : 20090928 
Feature(s) : RDI,FlashDL,FlashBP,JFlash,GDBFull 
 
* JLink Info: Found SWD-DP with ID 0x1BA01477
* JLink Info: Found SWD-DP with ID 0x1BA01477
* JLink Info: TPIU fitted.
* JLink Info: FPUnit: 6 code (BP) slots and 2 literal slots
* JLink Info: Found Cortex-M3 r1p1, Little endian.
ROMTableAddr = 0xE00FF003
 
Target info:
------------
Device: STM32F103C8
VTarget = 3.300V
State of Pins: 
TCK: 0, TDI: 0, TDO: 1, TMS: 0, TRES: 1, TRST: 1
Hardware-Breakpoints: 6
Software-Breakpoints: 8192
Watchpoints:          4
JTAG speed: 4000 kHz
 
Erase Done.
Programming Done.
Verify OK.
Application running ...
Load "E:\\Desktop\\STM32F1_RNR_TestUSART_20130820\\ProjectNR\\Obj\\STM32F103C8T.axf" 
Set JLink Project File to "E:\Desktop\STM32F1_RNR_TestUSART_20130820\ProjectNR\JLinkSettings.ini"
* JLink Info: Device "STM32F103C8" selected (64 KB flash, 20 KB RAM).
 
JLink info:
------------
DLL: V4.68a, compiled Apr 12 2013 13:26:50
Firmware: J-Link ARM-OB STM32 compiled Aug 22 2012 19:52:04
Hardware: V7.00
S/N : 20090928 
Feature(s) : RDI,FlashDL,FlashBP,JFlash,GDBFull 
 
* JLink Info: Found SWD-DP with ID 0x1BA01477
* JLink Info: Found SWD-DP with ID 0x1BA01477
* JLink Info: TPIU fitted.
* JLink Info: FPUnit: 6 code (BP) slots and 2 literal slots
* JLink Info: Found Cortex-M3 r1p1, Little endian.
ROMTableAddr = 0xE00FF003
 
Target info:
------------
Device: STM32F103C8
VTarget = 3.300V
State of Pins: 
TCK: 0, TDI: 0, TDO: 1, TMS: 0, TRES: 1, TRST: 1
Hardware-Breakpoints: 6
Software-Breakpoints: 8192
Watchpoints:          4
JTAG speed: 4000 kHz
 
Erase Done.
Programming Done.
Verify OK.
Application running ...
Rebuild target 'STM32F103C8T'
assembling startup_stm32f10x_md.s...
compiling system_stm32f10x.c...
compiling stm32f10x_rcc.c...
compiling stm32f10x_gpio.c...
compiling stm32f10x_usart.c...
compiling stm32f1_system.c...
compiling stm32f1_delay.c...
compiling stm32f1_usart.c...
compiling experiment_stm32f1.c...
..\Program\experiment_stm32f1.c(42): warning:  #177-D: variable "TrData" was declared but never referenced
compiling USART_RS232.c...
linking...
Program Size: Code=4612 RO-data=268 RW-data=88 ZI-data=1024  
".\Obj\STM32F103C8T.axf" - 0 Errors, 1 Warning(s).
Load "E:\\Desktop\\STM32F1_RNR_TestUSART_20130820\\ProjectNR\\Obj\\STM32F103C8T.axf" 
Set JLink Project File to "E:\Desktop\STM32F1_RNR_TestUSART_20130820\ProjectNR\JLinkSettings.ini"
* JLink Info: Device "STM32F103C8" selected (64 KB flash, 20 KB RAM).
 
JLink info:
------------
DLL: V4.68a, compiled Apr 12 2013 13:26:50
Firmware: J-Link ARM-OB STM32 compiled Aug 22 2012 19:52:04
Hardware: V7.00
S/N : 20090928 
Feature(s) : RDI,FlashDL,FlashBP,JFlash,GDBFull 
 
* JLink Info: Found SWD-DP with ID 0x1BA01477
* JLink Info: Found SWD-DP with ID 0x1BA01477
* JLink Info: TPIU fitted.
* JLink Info: FPUnit: 6 code (BP) slots and 2 literal slots
* JLink Info: Found Cortex-M3 r1p1, Little endian.
ROMTableAddr = 0xE00FF003
 
Target info:
------------
Device: STM32F103C8
VTarget = 3.300V
State of Pins: 
TCK: 0, TDI: 0, TDO: 1, TMS: 0, TRES: 1, TRST: 1
Hardware-Breakpoints: 6
Software-Breakpoints: 8192
Watchpoints:          4
JTAG speed: 4000 kHz
 
Erase Done.
Programming Done.
Verify OK.
Application running ...
Load "E:\\Desktop\\STM32F1_RNR_TestUSART_20130820\\ProjectNR\\Obj\\STM32F103C8T.axf" 
Set JLink Project File to "E:\Desktop\STM32F1_RNR_TestUSART_20130820\ProjectNR\JLinkSettings.ini"
* JLink Info: Device "STM32F103C8" selected (64 KB flash, 20 KB RAM).
 
JLink info:
------------
DLL: V4.68a, compiled Apr 12 2013 13:26:50
Firmware: J-Link ARM-OB STM32 compiled Aug 22 2012 19:52:04
Hardware: V7.00
S/N : 20090928 
Feature(s) : RDI,FlashDL,FlashBP,JFlash,GDBFull 
 
* JLink Info: Found SWD-DP with ID 0x1BA01477
* JLink Info: Found SWD-DP with ID 0x1BA01477
* JLink Info: TPIU fitted.
* JLink Info: FPUnit: 6 code (BP) slots and 2 literal slots
* JLink Info: Found Cortex-M3 r1p1, Little endian.
ROMTableAddr = 0xE00FF003
 
Target info:
------------
Device: STM32F103C8
VTarget = 3.300V
State of Pins: 
TCK: 0, TDI: 0, TDO: 1, TMS: 0, TRES: 1, TRST: 1
Hardware-Breakpoints: 6
Software-Breakpoints: 8192
Watchpoints:          4
JTAG speed: 4000 kHz
 
Erase Done.
Programming Done.
Verify OK.
Application running ...
Load "E:\\Desktop\\STM32F1_RNR_TestUSART_20130820\\ProjectNR\\Obj\\STM32F103C8T.axf" 
Set JLink Project File to "E:\Desktop\STM32F1_RNR_TestUSART_20130820\ProjectNR\JLinkSettings.ini"
* JLink Info: Device "STM32F103C8" selected (64 KB flash, 20 KB RAM).
 
JLink info:
------------
DLL: V4.68a, compiled Apr 12 2013 13:26:50
Firmware: J-Link ARM-OB STM32 compiled Aug 22 2012 19:52:04
Hardware: V7.00
S/N : 20090928 
Feature(s) : RDI,FlashDL,FlashBP,JFlash,GDBFull 
 
* JLink Info: Found SWD-DP with ID 0x1BA01477
* JLink Info: Found SWD-DP with ID 0x1BA01477
* JLink Info: TPIU fitted.
* JLink Info: FPUnit: 6 code (BP) slots and 2 literal slots
* JLink Info: Found Cortex-M3 r1p1, Little endian.
ROMTableAddr = 0xE00FF003
 
Target info:
------------
Device: STM32F103C8
VTarget = 3.300V
State of Pins: 
TCK: 0, TDI: 0, TDO: 1, TMS: 0, TRES: 1, TRST: 1
Hardware-Breakpoints: 6
Software-Breakpoints: 8192
Watchpoints:          4
JTAG speed: 4000 kHz
 
Erase Done.
Programming Done.
Verify OK.
Application running ...
Load "E:\\Desktop\\STM32F1_RNR_TestUSART_20130820\\ProjectNR\\Obj\\STM32F103C8T.axf" 
Set JLink Project File to "E:\Desktop\STM32F1_RNR_TestUSART_20130820\ProjectNR\JLinkSettings.ini"
* JLink Info: Device "STM32F103C8" selected (64 KB flash, 20 KB RAM).
 
JLink info:
------------
DLL: V4.68a, compiled Apr 12 2013 13:26:50
Firmware: J-Link ARM-OB STM32 compiled Aug 22 2012 19:52:04
Hardware: V7.00
S/N : 20090928 
Feature(s) : RDI,FlashDL,FlashBP,JFlash,GDBFull 
 
* JLink Info: Found SWD-DP with ID 0x1BA01477
* JLink Info: Found SWD-DP with ID 0x1BA01477
* JLink Info: TPIU fitted.
* JLink Info: FPUnit: 6 code (BP) slots and 2 literal slots
* JLink Info: Found Cortex-M3 r1p1, Little endian.
ROMTableAddr = 0xE00FF003
 
Target info:
------------
Device: STM32F103C8
VTarget = 3.300V
State of Pins: 
TCK: 0, TDI: 0, TDO: 1, TMS: 0, TRES: 1, TRST: 1
Hardware-Breakpoints: 6
Software-Breakpoints: 8192
Watchpoints:          4
JTAG speed: 4000 kHz
 
Erase Done.
Programming Done.
Verify OK.
Application running ...
Load "E:\\Desktop\\STM32F1_RNR_TestUSART_20130820\\ProjectNR\\Obj\\STM32F103C8T.axf" 
Set JLink Project File to "E:\Desktop\STM32F1_RNR_TestUSART_20130820\ProjectNR\JLinkSettings.ini"
* JLink Info: Device "STM32F103C8" selected (64 KB flash, 20 KB RAM).
 
JLink info:
------------
DLL: V4.68a, compiled Apr 12 2013 13:26:50
Firmware: J-Link ARM-OB STM32 compiled Aug 22 2012 19:52:04
Hardware: V7.00
S/N : 20090928 
Feature(s) : RDI,FlashDL,FlashBP,JFlash,GDBFull 
 
* JLink Info: Found SWD-DP with ID 0x1BA01477
* JLink Info: Found SWD-DP with ID 0x1BA01477
* JLink Info: TPIU fitted.
* JLink Info: FPUnit: 6 code (BP) slots and 2 literal slots
* JLink Info: Found Cortex-M3 r1p1, Little endian.
ROMTableAddr = 0xE00FF003
 
Target info:
------------
Device: STM32F103C8
VTarget = 3.300V
State of Pins: 
TCK: 0, TDI: 0, TDO: 1, TMS: 0, TRES: 1, TRST: 1
Hardware-Breakpoints: 6
Software-Breakpoints: 8192
Watchpoints:          4
JTAG speed: 4000 kHz
 
Erase Done.
Programming Done.
Verify OK.
Application running ...
Load "E:\\Desktop\\STM32F1_RNR_TestUSART_20130820\\ProjectNR\\Obj\\STM32F103C8T.axf" 
Set JLink Project File to "E:\Desktop\STM32F1_RNR_TestUSART_20130820\ProjectNR\JLinkSettings.ini"
* JLink Info: Device "STM32F103C8" selected (64 KB flash, 20 KB RAM).
 
JLink info:
------------
DLL: V4.68a, compiled Apr 12 2013 13:26:50
Firmware: J-Link ARM-OB STM32 compiled Aug 22 2012 19:52:04
Hardware: V7.00
S/N : 20090928 
Feature(s) : RDI,FlashDL,FlashBP,JFlash,GDBFull 
 
* JLink Info: Found SWD-DP with ID 0x1BA01477
* JLink Info: Found SWD-DP with ID 0x1BA01477
* JLink Info: TPIU fitted.
* JLink Info: FPUnit: 6 code (BP) slots and 2 literal slots
* JLink Info: Found Cortex-M3 r1p1, Little endian.
ROMTableAddr = 0xE00FF003
 
Target info:
------------
Device: STM32F103C8
VTarget = 3.300V
State of Pins: 
TCK: 0, TDI: 0, TDO: 1, TMS: 0, TRES: 1, TRST: 1
Hardware-Breakpoints: 6
Software-Breakpoints: 8192
Watchpoints:          4
JTAG speed: 4000 kHz
 
Erase Done.
Programming Done.
Verify OK.
Application running ...
